Archive member included to satisfy reference by file (symbol)

d:/software/development/quartusprime/18.0/nios2eds/bin/gnu/h-x86_64-mingw32/bin/../lib/gcc/nios2-elf/5.3.0/../../../../../H-x86_64-mingw32/nios2-elf/lib/mno-hw-mul\libsmallc.a(lib_a-puts.o)
                              obj/default/hello_world.o (puts)
d:/software/development/quartusprime/18.0/nios2eds/bin/gnu/h-x86_64-mingw32/bin/../lib/gcc/nios2-elf/5.3.0/../../../../../H-x86_64-mingw32/nios2-elf/lib/mno-hw-mul\libsmallc.a(lib_a-strlen.o)
                              d:/software/development/quartusprime/18.0/nios2eds/bin/gnu/h-x86_64-mingw32/bin/../lib/gcc/nios2-elf/5.3.0/../../../../../H-x86_64-mingw32/nios2-elf/lib/mno-hw-mul\libsmallc.a(lib_a-puts.o) (strlen)
d:/software/development/quartusprime/18.0/nios2eds/bin/gnu/h-x86_64-mingw32/bin/../lib/gcc/nios2-elf/5.3.0/../../../../../H-x86_64-mingw32/nios2-elf/lib/mno-hw-mul\libsmallc.a(lib_a-fvwrite_small_dev.o)
                              d:/software/development/quartusprime/18.0/nios2eds/bin/gnu/h-x86_64-mingw32/bin/../lib/gcc/nios2-elf/5.3.0/../../../../../H-x86_64-mingw32/nios2-elf/lib/mno-hw-mul\libsmallc.a(lib_a-puts.o) (__sfvwrite_small_dev)
d:/software/development/quartusprime/18.0/nios2eds/bin/gnu/h-x86_64-mingw32/bin/../lib/gcc/nios2-elf/5.3.0/../../../../../H-x86_64-mingw32/nios2-elf/lib/mno-hw-mul\libsmallc.a(lib_a-impure.o)
                              d:/software/development/quartusprime/18.0/nios2eds/bin/gnu/h-x86_64-mingw32/bin/../lib/gcc/nios2-elf/5.3.0/../../../../../H-x86_64-mingw32/nios2-elf/lib/mno-hw-mul\libsmallc.a(lib_a-puts.o) (_impure_ptr)
d:/software/development/quartusprime/18.0/nios2eds/bin/gnu/h-x86_64-mingw32/bin/../lib/gcc/nios2-elf/5.3.0/../../../../../H-x86_64-mingw32/nios2-elf/lib/mno-hw-mul\libsmallc.a(lib_a-writer.o)
                              d:/software/development/quartusprime/18.0/nios2eds/bin/gnu/h-x86_64-mingw32/bin/../lib/gcc/nios2-elf/5.3.0/../../../../../H-x86_64-mingw32/nios2-elf/lib/mno-hw-mul\libsmallc.a(lib_a-fvwrite_small_dev.o) (_write_r)
d:/software/development/quartusprime/18.0/nios2eds/bin/gnu/h-x86_64-mingw32/bin/../lib/gcc/nios2-elf/5.3.0/../../../../../H-x86_64-mingw32/nios2-elf/lib/mno-hw-mul\libsmallc.a(lib_a-int_errno.o)
                              d:/software/development/quartusprime/18.0/nios2eds/bin/gnu/h-x86_64-mingw32/bin/../lib/gcc/nios2-elf/5.3.0/../../../../../H-x86_64-mingw32/nios2-elf/lib/mno-hw-mul\libsmallc.a(lib_a-writer.o) (errno)
../bsp/\libhal_bsp.a(alt_load.o)
                              ../bsp//obj/HAL/src/crt0.o (alt_load)
../bsp/\libhal_bsp.a(alt_main.o)
                              ../bsp//obj/HAL/src/crt0.o (alt_main)
../bsp/\libhal_bsp.a(alt_write.o)
                              d:/software/development/quartusprime/18.0/nios2eds/bin/gnu/h-x86_64-mingw32/bin/../lib/gcc/nios2-elf/5.3.0/../../../../../H-x86_64-mingw32/nios2-elf/lib/mno-hw-mul\libsmallc.a(lib_a-writer.o) (write)
../bsp/\libhal_bsp.a(alt_sys_init.o)
                              ../bsp/\libhal_bsp.a(alt_main.o) (alt_irq_init)
../bsp/\libhal_bsp.a(altera_avalon_jtag_uart_fd.o)
                              ../bsp/\libhal_bsp.a(alt_sys_init.o) (altera_avalon_jtag_uart_read_fd)
../bsp/\libhal_bsp.a(altera_avalon_jtag_uart_read.o)
                              ../bsp/\libhal_bsp.a(altera_avalon_jtag_uart_fd.o) (altera_avalon_jtag_uart_read)
../bsp/\libhal_bsp.a(altera_avalon_jtag_uart_write.o)
                              ../bsp/\libhal_bsp.a(altera_avalon_jtag_uart_fd.o) (altera_avalon_jtag_uart_write)
../bsp/\libhal_bsp.a(alt_close.o)
                              ../bsp/\libhal_bsp.a(alt_main.o) (close)
../bsp/\libhal_bsp.a(alt_dcache_flush_all.o)
                              ../bsp/\libhal_bsp.a(alt_load.o) (alt_dcache_flush_all)
../bsp/\libhal_bsp.a(alt_dev.o)
                              ../bsp/\libhal_bsp.a(alt_sys_init.o) (alt_dev_list)
../bsp/\libhal_bsp.a(alt_dev_llist_insert.o)
                              ../bsp/\libhal_bsp.a(alt_sys_init.o) (alt_dev_llist_insert)
../bsp/\libhal_bsp.a(alt_do_ctors.o)
                              ../bsp/\libhal_bsp.a(alt_main.o) (_do_ctors)
../bsp/\libhal_bsp.a(alt_do_dtors.o)
                              ../bsp/\libhal_bsp.a(alt_main.o) (_do_dtors)
../bsp/\libhal_bsp.a(alt_errno.o)
                              ../bsp/\libhal_bsp.a(alt_write.o) (alt_errno)
../bsp/\libhal_bsp.a(alt_icache_flush_all.o)
                              ../bsp/\libhal_bsp.a(alt_load.o) (alt_icache_flush_all)
../bsp/\libhal_bsp.a(alt_io_redirect.o)
                              ../bsp/\libhal_bsp.a(alt_main.o) (alt_io_redirect)
../bsp/\libhal_bsp.a(alt_open.o)
                              ../bsp/\libhal_bsp.a(alt_io_redirect.o) (open)
../bsp/\libhal_bsp.a(alt_release_fd.o)
                              ../bsp/\libhal_bsp.a(alt_close.o) (alt_release_fd)
../bsp/\libhal_bsp.a(altera_nios2_gen2_irq.o)
                              ../bsp/\libhal_bsp.a(alt_sys_init.o) (altera_nios2_gen2_irq_init)
../bsp/\libhal_bsp.a(alt_find_dev.o)
                              ../bsp/\libhal_bsp.a(alt_open.o) (alt_find_dev)
../bsp/\libhal_bsp.a(alt_find_file.o)
                              ../bsp/\libhal_bsp.a(alt_open.o) (alt_find_file)
../bsp/\libhal_bsp.a(alt_get_fd.o)
                              ../bsp/\libhal_bsp.a(alt_open.o) (alt_get_fd)
d:/software/development/quartusprime/18.0/nios2eds/bin/gnu/h-x86_64-mingw32/bin/../lib/gcc/nios2-elf/5.3.0/../../../../../H-x86_64-mingw32/nios2-elf/lib/mno-hw-mul\libsmallc.a(lib_a-atexit.o)
                              ../bsp/\libhal_bsp.a(alt_main.o) (atexit)
d:/software/development/quartusprime/18.0/nios2eds/bin/gnu/h-x86_64-mingw32/bin/../lib/gcc/nios2-elf/5.3.0/../../../../../H-x86_64-mingw32/nios2-elf/lib/mno-hw-mul\libsmallc.a(lib_a-exit.o)
                              ../bsp/\libhal_bsp.a(alt_main.o) (exit)
d:/software/development/quartusprime/18.0/nios2eds/bin/gnu/h-x86_64-mingw32/bin/../lib/gcc/nios2-elf/5.3.0/../../../../../H-x86_64-mingw32/nios2-elf/lib/mno-hw-mul\libsmallc.a(lib_a-memcmp.o)
                              ../bsp/\libhal_bsp.a(alt_find_dev.o) (memcmp)
d:/software/development/quartusprime/18.0/nios2eds/bin/gnu/h-x86_64-mingw32/bin/../lib/gcc/nios2-elf/5.3.0/../../../../../H-x86_64-mingw32/nios2-elf/lib/mno-hw-mul\libsmallc.a(lib_a-__atexit.o)
                              d:/software/development/quartusprime/18.0/nios2eds/bin/gnu/h-x86_64-mingw32/bin/../lib/gcc/nios2-elf/5.3.0/../../../../../H-x86_64-mingw32/nios2-elf/lib/mno-hw-mul\libsmallc.a(lib_a-atexit.o) (__register_exitproc)
d:/software/development/quartusprime/18.0/nios2eds/bin/gnu/h-x86_64-mingw32/bin/../lib/gcc/nios2-elf/5.3.0/../../../../../H-x86_64-mingw32/nios2-elf/lib/mno-hw-mul\libsmallc.a(lib_a-__call_atexit.o)
                              d:/software/development/quartusprime/18.0/nios2eds/bin/gnu/h-x86_64-mingw32/bin/../lib/gcc/nios2-elf/5.3.0/../../../../../H-x86_64-mingw32/nios2-elf/lib/mno-hw-mul\libsmallc.a(lib_a-exit.o) (__call_exitprocs)
d:/software/development/quartusprime/18.0/nios2eds/bin/gnu/h-x86_64-mingw32/bin/../lib/gcc/nios2-elf/5.3.0/mno-hw-mul\libgcc.a(lib2-mul.o)
                              ../bsp/\libhal_bsp.a(alt_write.o) (__mulsi3)
../bsp/\libhal_bsp.a(alt_exit.o)
                              d:/software/development/quartusprime/18.0/nios2eds/bin/gnu/h-x86_64-mingw32/bin/../lib/gcc/nios2-elf/5.3.0/../../../../../H-x86_64-mingw32/nios2-elf/lib/mno-hw-mul\libsmallc.a(lib_a-exit.o) (_exit)

Allocating common symbols
Common symbol       size              file

errno               0x4               d:/software/development/quartusprime/18.0/nios2eds/bin/gnu/h-x86_64-mingw32/bin/../lib/gcc/nios2-elf/5.3.0/../../../../../H-x86_64-mingw32/nios2-elf/lib/mno-hw-mul\libsmallc.a(lib_a-int_errno.o)

Memory Configuration

Name             Origin             Length             Attributes
reset            0x0000000000000000 0x0000000000000020
onchip_rom       0x0000000000000020 0x00000000000027e0
onchip_ram_BEFORE_EXCEPTION 0x0000000000008000 0x0000000000000020
onchip_ram       0x0000000000008020 0x00000000000027e0
*default*        0x0000000000000000 0xffffffffffffffff

Linker script and memory map

LOAD ../bsp//obj/HAL/src/crt0.o
LOAD obj/default/hello_world.o
LOAD d:/software/development/quartusprime/18.0/nios2eds/bin/gnu/h-x86_64-mingw32/bin/../lib/gcc/nios2-elf/5.3.0/../../../../../H-x86_64-mingw32/nios2-elf/lib/mno-hw-mul\libstdc++.a
LOAD d:/software/development/quartusprime/18.0/nios2eds/bin/gnu/h-x86_64-mingw32/bin/../lib/gcc/nios2-elf/5.3.0/../../../../../H-x86_64-mingw32/nios2-elf/lib/mno-hw-mul\libm.a
LOAD d:/software/development/quartusprime/18.0/nios2eds/bin/gnu/h-x86_64-mingw32/bin/../lib/gcc/nios2-elf/5.3.0/mno-hw-mul\libgcc.a
START GROUP
LOAD d:/software/development/quartusprime/18.0/nios2eds/bin/gnu/h-x86_64-mingw32/bin/../lib/gcc/nios2-elf/5.3.0/../../../../../H-x86_64-mingw32/nios2-elf/lib/mno-hw-mul\libsmallc.a
LOAD d:/software/development/quartusprime/18.0/nios2eds/bin/gnu/h-x86_64-mingw32/bin/../lib/gcc/nios2-elf/5.3.0/mno-hw-mul\libgcc.a
LOAD ../bsp/\libhal_bsp.a
LOAD d:/software/development/quartusprime/18.0/nios2eds/bin/gnu/h-x86_64-mingw32/bin/../lib/gcc/nios2-elf/5.3.0/../../../../../H-x86_64-mingw32/nios2-elf/lib/mno-hw-mul\libm.a
END GROUP
LOAD d:/software/development/quartusprime/18.0/nios2eds/bin/gnu/h-x86_64-mingw32/bin/../lib/gcc/nios2-elf/5.3.0/mno-hw-mul\libgcc.a
                0x0000000000000000                __alt_mem_onchip_rom = 0x0
                0x0000000000008000                __alt_mem_onchip_ram = 0x8000

.entry          0x0000000000000000       0x20
 *(.entry)
 .entry         0x0000000000000000       0x20 ../bsp//obj/HAL/src/crt0.o
                0x0000000000000000                __reset

.exceptions     0x0000000000008020        0x0
                0x0000000000008020                PROVIDE (__ram_exceptions_start, ABSOLUTE (.))
                0x0000000000008020                . = ALIGN (0x20)
 *(.irq)
 *(.exceptions.entry.label)
 *(.exceptions.entry.user)
 *(.exceptions.entry.ecc_fatal)
 *(.exceptions.entry)
 *(.exceptions.irqtest.user)
 *(.exceptions.irqtest)
 *(.exceptions.irqhandler.user)
 *(.exceptions.irqhandler)
 *(.exceptions.irqreturn.user)
 *(.exceptions.irqreturn)
 *(.exceptions.notirq.label)
 *(.exceptions.notirq.user)
 *(.exceptions.notirq)
 *(.exceptions.soft.user)
 *(.exceptions.soft)
 *(.exceptions.unknown.user)
 *(.exceptions.unknown)
 *(.exceptions.exit.label)
 *(.exceptions.exit.user)
 *(.exceptions.exit)
 *(.exceptions)
                0x0000000000008020                PROVIDE (__ram_exceptions_end, ABSOLUTE (.))
                0x0000000000008020                PROVIDE (__flash_exceptions_start, LOADADDR (.exceptions))

.text           0x0000000000008020     0x1568
                [!provide]                        PROVIDE (stext, ABSOLUTE (.))
 *(.interp)
 *(.hash)
 *(.dynsym)
 *(.dynstr)
 *(.gnu.version)
 *(.gnu.version_d)
 *(.gnu.version_r)
 *(.rel.init)
 *(.rela.init)
 *(.rel.text .rel.text.* .rel.gnu.linkonce.t.*)
 *(.rela.text .rela.text.* .rela.gnu.linkonce.t.*)
 *(.rel.fini)
 *(.rela.fini)
 *(.rel.rodata .rel.rodata.* .rel.gnu.linkonce.r.*)
 *(.rela.rodata .rela.rodata.* .rela.gnu.linkonce.r.*)
 *(.rel.data .rel.data.* .rel.gnu.linkonce.d.*)
 *(.rela.data .rela.data.* .rela.gnu.linkonce.d.*)
 *(.rel.tdata .rel.tdata.* .rel.gnu.linkonce.td.*)
 *(.rela.tdata .rela.tdata.* .rela.gnu.linkonce.td.*)
 *(.rel.tbss .rel.tbss.* .rel.gnu.linkonce.tb.*)
 *(.rela.tbss .rela.tbss.* .rela.gnu.linkonce.tb.*)
 *(.rel.ctors)
 *(.rela.ctors)
 *(.rel.dtors)
 *(.rela.dtors)
 *(.rel.got)
 *(.rela.got)
 *(.rel.sdata .rel.sdata.* .rel.gnu.linkonce.s.*)
 *(.rela.sdata .rela.sdata.* .rela.gnu.linkonce.s.*)
 *(.rel.sbss .rel.sbss.* .rel.gnu.linkonce.sb.*)
 *(.rela.sbss .rela.sbss.* .rela.gnu.linkonce.sb.*)
 *(.rel.sdata2 .rel.sdata2.* .rel.gnu.linkonce.s2.*)
 *(.rela.sdata2 .rela.sdata2.* .rela.gnu.linkonce.s2.*)
 *(.rel.sbss2 .rel.sbss2.* .rel.gnu.linkonce.sb2.*)
 *(.rela.sbss2 .rela.sbss2.* .rela.gnu.linkonce.sb2.*)
 *(.rel.bss .rel.bss.* .rel.gnu.linkonce.b.*)
 *(.rela.bss .rela.bss.* .rela.gnu.linkonce.b.*)
 *(.rel.plt)
 *(.rela.plt)
 *(.rel.dyn)
 *(.init)
 *(.plt)
 *(.text .stub .text.* .gnu.linkonce.t.*)
 .text          0x0000000000008020       0x3c ../bsp//obj/HAL/src/crt0.o
                0x0000000000008020                _start
 .text          0x000000000000805c       0x34 obj/default/hello_world.o
                0x000000000000805c                main
 .text          0x0000000000008090        0x0 d:/software/development/quartusprime/18.0/nios2eds/bin/gnu/h-x86_64-mingw32/bin/../lib/gcc/nios2-elf/5.3.0/../../../../../H-x86_64-mingw32/nios2-elf/lib/mno-hw-mul\libsmallc.a(lib_a-puts.o)
 .text._puts_r  0x0000000000008090       0x80 d:/software/development/quartusprime/18.0/nios2eds/bin/gnu/h-x86_64-mingw32/bin/../lib/gcc/nios2-elf/5.3.0/../../../../../H-x86_64-mingw32/nios2-elf/lib/mno-hw-mul\libsmallc.a(lib_a-puts.o)
                0x0000000000008090                _puts_r
 .text.puts     0x0000000000008110       0x14 d:/software/development/quartusprime/18.0/nios2eds/bin/gnu/h-x86_64-mingw32/bin/../lib/gcc/nios2-elf/5.3.0/../../../../../H-x86_64-mingw32/nios2-elf/lib/mno-hw-mul\libsmallc.a(lib_a-puts.o)
                0x0000000000008110                puts
 .text          0x0000000000008124        0x0 d:/software/development/quartusprime/18.0/nios2eds/bin/gnu/h-x86_64-mingw32/bin/../lib/gcc/nios2-elf/5.3.0/../../../../../H-x86_64-mingw32/nios2-elf/lib/mno-hw-mul\libsmallc.a(lib_a-strlen.o)
 .text.strlen   0x0000000000008124       0x1c d:/software/development/quartusprime/18.0/nios2eds/bin/gnu/h-x86_64-mingw32/bin/../lib/gcc/nios2-elf/5.3.0/../../../../../H-x86_64-mingw32/nios2-elf/lib/mno-hw-mul\libsmallc.a(lib_a-strlen.o)
                0x0000000000008124                strlen
 .text          0x0000000000008140        0x0 d:/software/development/quartusprime/18.0/nios2eds/bin/gnu/h-x86_64-mingw32/bin/../lib/gcc/nios2-elf/5.3.0/../../../../../H-x86_64-mingw32/nios2-elf/lib/mno-hw-mul\libsmallc.a(lib_a-fvwrite_small_dev.o)
 .text.__sfvwrite_small_dev
                0x0000000000008140       0xb8 d:/software/development/quartusprime/18.0/nios2eds/bin/gnu/h-x86_64-mingw32/bin/../lib/gcc/nios2-elf/5.3.0/../../../../../H-x86_64-mingw32/nios2-elf/lib/mno-hw-mul\libsmallc.a(lib_a-fvwrite_small_dev.o)
                0x0000000000008140                __sfvwrite_small_dev
 .text          0x00000000000081f8        0x0 d:/software/development/quartusprime/18.0/nios2eds/bin/gnu/h-x86_64-mingw32/bin/../lib/gcc/nios2-elf/5.3.0/../../../../../H-x86_64-mingw32/nios2-elf/lib/mno-hw-mul\libsmallc.a(lib_a-impure.o)
 .text          0x00000000000081f8        0x0 d:/software/development/quartusprime/18.0/nios2eds/bin/gnu/h-x86_64-mingw32/bin/../lib/gcc/nios2-elf/5.3.0/../../../../../H-x86_64-mingw32/nios2-elf/lib/mno-hw-mul\libsmallc.a(lib_a-writer.o)
 .text._write_r
                0x00000000000081f8       0x58 d:/software/development/quartusprime/18.0/nios2eds/bin/gnu/h-x86_64-mingw32/bin/../lib/gcc/nios2-elf/5.3.0/../../../../../H-x86_64-mingw32/nios2-elf/lib/mno-hw-mul\libsmallc.a(lib_a-writer.o)
                0x00000000000081f8                _write_r
 .text          0x0000000000008250        0x0 d:/software/development/quartusprime/18.0/nios2eds/bin/gnu/h-x86_64-mingw32/bin/../lib/gcc/nios2-elf/5.3.0/../../../../../H-x86_64-mingw32/nios2-elf/lib/mno-hw-mul\libsmallc.a(lib_a-int_errno.o)
 .text          0x0000000000008250       0xec ../bsp/\libhal_bsp.a(alt_load.o)
                0x00000000000082b8                alt_load
 .text          0x000000000000833c       0x7c ../bsp/\libhal_bsp.a(alt_main.o)
                0x000000000000833c                alt_main
 .text          0x00000000000083b8      0x13c ../bsp/\libhal_bsp.a(alt_write.o)
                0x00000000000083f4                write
 .text          0x00000000000084f4       0xa4 ../bsp/\libhal_bsp.a(alt_sys_init.o)
                0x0000000000008528                alt_irq_init
                0x0000000000008560                alt_sys_init
 .text          0x0000000000008598       0xc0 ../bsp/\libhal_bsp.a(altera_avalon_jtag_uart_fd.o)
                0x0000000000008598                altera_avalon_jtag_uart_read_fd
                0x00000000000085f8                altera_avalon_jtag_uart_write_fd
 .text          0x0000000000008658       0xec ../bsp/\libhal_bsp.a(altera_avalon_jtag_uart_read.o)
                0x0000000000008658                altera_avalon_jtag_uart_read
 .text          0x0000000000008744       0x94 ../bsp/\libhal_bsp.a(altera_avalon_jtag_uart_write.o)
                0x0000000000008744                altera_avalon_jtag_uart_write
 .text          0x00000000000087d8      0x114 ../bsp/\libhal_bsp.a(alt_close.o)
                0x0000000000008814                close
 .text          0x00000000000088ec       0x20 ../bsp/\libhal_bsp.a(alt_dcache_flush_all.o)
                0x00000000000088ec                alt_dcache_flush_all
 .text          0x000000000000890c       0x2c ../bsp/\libhal_bsp.a(alt_dev.o)
 .text          0x0000000000008938       0xe0 ../bsp/\libhal_bsp.a(alt_dev_llist_insert.o)
                0x0000000000008974                alt_dev_llist_insert
 .text          0x0000000000008a18       0x60 ../bsp/\libhal_bsp.a(alt_do_ctors.o)
                0x0000000000008a18                _do_ctors
 .text          0x0000000000008a78       0x60 ../bsp/\libhal_bsp.a(alt_do_dtors.o)
                0x0000000000008a78                _do_dtors
 .text          0x0000000000008ad8        0x0 ../bsp/\libhal_bsp.a(alt_errno.o)
 .text          0x0000000000008ad8       0x20 ../bsp/\libhal_bsp.a(alt_icache_flush_all.o)
                0x0000000000008ad8                alt_icache_flush_all
 .text          0x0000000000008af8      0x160 ../bsp/\libhal_bsp.a(alt_io_redirect.o)
                0x0000000000008bdc                alt_io_redirect
 .text          0x0000000000008c58      0x284 ../bsp/\libhal_bsp.a(alt_open.o)
                0x0000000000008d80                open
 .text          0x0000000000008edc       0x84 ../bsp/\libhal_bsp.a(alt_release_fd.o)
                0x0000000000008edc                alt_release_fd
 .text          0x0000000000008f60       0x24 ../bsp/\libhal_bsp.a(altera_nios2_gen2_irq.o)
                0x0000000000008f60                altera_nios2_gen2_irq_init
 .text          0x0000000000008f84       0x90 ../bsp/\libhal_bsp.a(alt_find_dev.o)
                0x0000000000008f84                alt_find_dev
 .text          0x0000000000009014      0x108 ../bsp/\libhal_bsp.a(alt_find_file.o)
                0x0000000000009014                alt_find_file
 .text          0x000000000000911c       0xc4 ../bsp/\libhal_bsp.a(alt_get_fd.o)
                0x000000000000911c                alt_get_fd
 .text          0x00000000000091e0        0x0 d:/software/development/quartusprime/18.0/nios2eds/bin/gnu/h-x86_64-mingw32/bin/../lib/gcc/nios2-elf/5.3.0/../../../../../H-x86_64-mingw32/nios2-elf/lib/mno-hw-mul\libsmallc.a(lib_a-atexit.o)
 .text.atexit   0x00000000000091e0       0x14 d:/software/development/quartusprime/18.0/nios2eds/bin/gnu/h-x86_64-mingw32/bin/../lib/gcc/nios2-elf/5.3.0/../../../../../H-x86_64-mingw32/nios2-elf/lib/mno-hw-mul\libsmallc.a(lib_a-atexit.o)
                0x00000000000091e0                atexit
 .text          0x00000000000091f4        0x0 d:/software/development/quartusprime/18.0/nios2eds/bin/gnu/h-x86_64-mingw32/bin/../lib/gcc/nios2-elf/5.3.0/../../../../../H-x86_64-mingw32/nios2-elf/lib/mno-hw-mul\libsmallc.a(lib_a-exit.o)
 .text.exit     0x00000000000091f4       0x20 d:/software/development/quartusprime/18.0/nios2eds/bin/gnu/h-x86_64-mingw32/bin/../lib/gcc/nios2-elf/5.3.0/../../../../../H-x86_64-mingw32/nios2-elf/lib/mno-hw-mul\libsmallc.a(lib_a-exit.o)
                0x00000000000091f4                exit
 .text          0x0000000000009214        0x0 d:/software/development/quartusprime/18.0/nios2eds/bin/gnu/h-x86_64-mingw32/bin/../lib/gcc/nios2-elf/5.3.0/../../../../../H-x86_64-mingw32/nios2-elf/lib/mno-hw-mul\libsmallc.a(lib_a-memcmp.o)
 .text.memcmp   0x0000000000009214       0x30 d:/software/development/quartusprime/18.0/nios2eds/bin/gnu/h-x86_64-mingw32/bin/../lib/gcc/nios2-elf/5.3.0/../../../../../H-x86_64-mingw32/nios2-elf/lib/mno-hw-mul\libsmallc.a(lib_a-memcmp.o)
                0x0000000000009214                memcmp
 .text          0x0000000000009244        0x0 d:/software/development/quartusprime/18.0/nios2eds/bin/gnu/h-x86_64-mingw32/bin/../lib/gcc/nios2-elf/5.3.0/../../../../../H-x86_64-mingw32/nios2-elf/lib/mno-hw-mul\libsmallc.a(lib_a-__atexit.o)
 .text.__register_exitproc
                0x0000000000009244      0x158 d:/software/development/quartusprime/18.0/nios2eds/bin/gnu/h-x86_64-mingw32/bin/../lib/gcc/nios2-elf/5.3.0/../../../../../H-x86_64-mingw32/nios2-elf/lib/mno-hw-mul\libsmallc.a(lib_a-__atexit.o)
                0x0000000000009244                __register_exitproc
 .text          0x000000000000939c        0x0 d:/software/development/quartusprime/18.0/nios2eds/bin/gnu/h-x86_64-mingw32/bin/../lib/gcc/nios2-elf/5.3.0/../../../../../H-x86_64-mingw32/nios2-elf/lib/mno-hw-mul\libsmallc.a(lib_a-__call_atexit.o)
 .text.__call_exitprocs
                0x000000000000939c      0x190 d:/software/development/quartusprime/18.0/nios2eds/bin/gnu/h-x86_64-mingw32/bin/../lib/gcc/nios2-elf/5.3.0/../../../../../H-x86_64-mingw32/nios2-elf/lib/mno-hw-mul\libsmallc.a(lib_a-__call_atexit.o)
                0x000000000000939c                __call_exitprocs
 .text          0x000000000000952c       0x28 d:/software/development/quartusprime/18.0/nios2eds/bin/gnu/h-x86_64-mingw32/bin/../lib/gcc/nios2-elf/5.3.0/mno-hw-mul\libgcc.a(lib2-mul.o)
                0x000000000000952c                __mulsi3
 .text          0x0000000000009554       0x34 ../bsp/\libhal_bsp.a(alt_exit.o)
                0x0000000000009554                _exit
 *(.gnu.warning.*)
 *(.fini)
                [!provide]                        PROVIDE (__etext, ABSOLUTE (.))
                [!provide]                        PROVIDE (_etext, ABSOLUTE (.))
                [!provide]                        PROVIDE (etext, ABSOLUTE (.))
 *(.eh_frame_hdr)
                0x0000000000009588                . = ALIGN (0x4)
                [!provide]                        PROVIDE (__preinit_array_start, ABSOLUTE (.))
 *(.preinit_array)
                [!provide]                        PROVIDE (__preinit_array_end, ABSOLUTE (.))
                [!provide]                        PROVIDE (__init_array_start, ABSOLUTE (.))
 *(.init_array)
                [!provide]                        PROVIDE (__init_array_end, ABSOLUTE (.))
                [!provide]                        PROVIDE (__fini_array_start, ABSOLUTE (.))
 *(.fini_array)
                [!provide]                        PROVIDE (__fini_array_end, ABSOLUTE (.))
 *(.eh_frame)
 *(.gcc_except_table .gcc_except_table.*)
 *(.dynamic)
                0x0000000000009588                PROVIDE (__CTOR_LIST__, ABSOLUTE (.))
 *(.ctors)
 *(SORT(.ctors.*))
                0x0000000000009588                PROVIDE (__CTOR_END__, ABSOLUTE (.))
                0x0000000000009588                PROVIDE (__DTOR_LIST__, ABSOLUTE (.))
 *(.dtors)
 *(SORT(.dtors.*))
                0x0000000000009588                PROVIDE (__DTOR_END__, ABSOLUTE (.))
 *(.jcr)
                0x0000000000009588                . = ALIGN (0x4)

.rodata         0x0000000000009588       0x44
                0x0000000000009588                PROVIDE (__ram_rodata_start, ABSOLUTE (.))
                0x0000000000009588                . = ALIGN (0x4)
 *(.rodata .rodata.* .gnu.linkonce.r.*)
 .rodata        0x0000000000009588       0x14 obj/default/hello_world.o
 .rodata.str1.4
                0x000000000000959c        0x4 d:/software/development/quartusprime/18.0/nios2eds/bin/gnu/h-x86_64-mingw32/bin/../lib/gcc/nios2-elf/5.3.0/../../../../../H-x86_64-mingw32/nios2-elf/lib/mno-hw-mul\libsmallc.a(lib_a-puts.o)
                                          0x2 (size before relaxing)
 .rodata        0x00000000000095a0        0xf ../bsp/\libhal_bsp.a(alt_main.o)
 *fill*         0x00000000000095af        0x1 
 .rodata        0x00000000000095b0        0xf ../bsp/\libhal_bsp.a(alt_sys_init.o)
 *fill*         0x00000000000095bf        0x1 
 .rodata        0x00000000000095c0        0xa ../bsp/\libhal_bsp.a(alt_dev.o)
 *(.rodata1)
                0x00000000000095cc                . = ALIGN (0x4)
 *fill*         0x00000000000095ca        0x2 
                0x00000000000095cc                PROVIDE (__ram_rodata_end, ABSOLUTE (.))
                0x0000000000009588                PROVIDE (__flash_rodata_start, LOADADDR (.rodata))

.rwdata         0x00000000000095cc      0x2d4 load address 0x00000000000098a0
                0x00000000000095cc                PROVIDE (__ram_rwdata_start, ABSOLUTE (.))
                0x00000000000095cc                . = ALIGN (0x4)
 *(.got.plt)
 *(.got)
 *(.data1)
 *(.data .data.* .gnu.linkonce.d.*)
 .data          0x00000000000095cc        0x0 ../bsp//obj/HAL/src/crt0.o
 .data          0x00000000000095cc        0x0 obj/default/hello_world.o
 .data          0x00000000000095cc        0x0 d:/software/development/quartusprime/18.0/nios2eds/bin/gnu/h-x86_64-mingw32/bin/../lib/gcc/nios2-elf/5.3.0/../../../../../H-x86_64-mingw32/nios2-elf/lib/mno-hw-mul\libsmallc.a(lib_a-puts.o)
 .data          0x00000000000095cc        0x0 d:/software/development/quartusprime/18.0/nios2eds/bin/gnu/h-x86_64-mingw32/bin/../lib/gcc/nios2-elf/5.3.0/../../../../../H-x86_64-mingw32/nios2-elf/lib/mno-hw-mul\libsmallc.a(lib_a-strlen.o)
 .data          0x00000000000095cc        0x0 d:/software/development/quartusprime/18.0/nios2eds/bin/gnu/h-x86_64-mingw32/bin/../lib/gcc/nios2-elf/5.3.0/../../../../../H-x86_64-mingw32/nios2-elf/lib/mno-hw-mul\libsmallc.a(lib_a-fvwrite_small_dev.o)
 .data          0x00000000000095cc        0x0 d:/software/development/quartusprime/18.0/nios2eds/bin/gnu/h-x86_64-mingw32/bin/../lib/gcc/nios2-elf/5.3.0/../../../../../H-x86_64-mingw32/nios2-elf/lib/mno-hw-mul\libsmallc.a(lib_a-impure.o)
 .data.impure_data
                0x00000000000095cc       0xe0 d:/software/development/quartusprime/18.0/nios2eds/bin/gnu/h-x86_64-mingw32/bin/../lib/gcc/nios2-elf/5.3.0/../../../../../H-x86_64-mingw32/nios2-elf/lib/mno-hw-mul\libsmallc.a(lib_a-impure.o)
 .data          0x00000000000096ac        0x0 d:/software/development/quartusprime/18.0/nios2eds/bin/gnu/h-x86_64-mingw32/bin/../lib/gcc/nios2-elf/5.3.0/../../../../../H-x86_64-mingw32/nios2-elf/lib/mno-hw-mul\libsmallc.a(lib_a-writer.o)
 .data          0x00000000000096ac        0x0 d:/software/development/quartusprime/18.0/nios2eds/bin/gnu/h-x86_64-mingw32/bin/../lib/gcc/nios2-elf/5.3.0/../../../../../H-x86_64-mingw32/nios2-elf/lib/mno-hw-mul\libsmallc.a(lib_a-int_errno.o)
 .data          0x00000000000096ac        0x0 ../bsp/\libhal_bsp.a(alt_load.o)
 .data          0x00000000000096ac        0x0 ../bsp/\libhal_bsp.a(alt_main.o)
 .data          0x00000000000096ac        0x0 ../bsp/\libhal_bsp.a(alt_write.o)
 .data          0x00000000000096ac       0x2c ../bsp/\libhal_bsp.a(alt_sys_init.o)
 .data          0x00000000000096d8        0x0 ../bsp/\libhal_bsp.a(altera_avalon_jtag_uart_fd.o)
 .data          0x00000000000096d8        0x0 ../bsp/\libhal_bsp.a(altera_avalon_jtag_uart_read.o)
 .data          0x00000000000096d8        0x0 ../bsp/\libhal_bsp.a(altera_avalon_jtag_uart_write.o)
 .data          0x00000000000096d8        0x0 ../bsp/\libhal_bsp.a(alt_close.o)
 .data          0x00000000000096d8        0x0 ../bsp/\libhal_bsp.a(alt_dcache_flush_all.o)
 .data          0x00000000000096d8      0x1a8 ../bsp/\libhal_bsp.a(alt_dev.o)
                0x00000000000096d8                alt_dev_null
                0x0000000000009700                alt_fd_list
 .data          0x0000000000009880        0x0 ../bsp/\libhal_bsp.a(alt_dev_llist_insert.o)
 .data          0x0000000000009880        0x0 ../bsp/\libhal_bsp.a(alt_do_ctors.o)
 .data          0x0000000000009880        0x0 ../bsp/\libhal_bsp.a(alt_do_dtors.o)
 .data          0x0000000000009880        0x0 ../bsp/\libhal_bsp.a(alt_errno.o)
 .data          0x0000000000009880        0x0 ../bsp/\libhal_bsp.a(alt_icache_flush_all.o)
 .data          0x0000000000009880        0x0 ../bsp/\libhal_bsp.a(alt_io_redirect.o)
 .data          0x0000000000009880        0x0 ../bsp/\libhal_bsp.a(alt_open.o)
 .data          0x0000000000009880        0x0 ../bsp/\libhal_bsp.a(alt_release_fd.o)
 .data          0x0000000000009880        0x0 ../bsp/\libhal_bsp.a(altera_nios2_gen2_irq.o)
 .data          0x0000000000009880        0x0 ../bsp/\libhal_bsp.a(alt_find_dev.o)
 .data          0x0000000000009880        0x0 ../bsp/\libhal_bsp.a(alt_find_file.o)
 .data          0x0000000000009880        0x0 ../bsp/\libhal_bsp.a(alt_get_fd.o)
 .data          0x0000000000009880        0x0 d:/software/development/quartusprime/18.0/nios2eds/bin/gnu/h-x86_64-mingw32/bin/../lib/gcc/nios2-elf/5.3.0/../../../../../H-x86_64-mingw32/nios2-elf/lib/mno-hw-mul\libsmallc.a(lib_a-atexit.o)
 .data          0x0000000000009880        0x0 d:/software/development/quartusprime/18.0/nios2eds/bin/gnu/h-x86_64-mingw32/bin/../lib/gcc/nios2-elf/5.3.0/../../../../../H-x86_64-mingw32/nios2-elf/lib/mno-hw-mul\libsmallc.a(lib_a-exit.o)
 .data          0x0000000000009880        0x0 d:/software/development/quartusprime/18.0/nios2eds/bin/gnu/h-x86_64-mingw32/bin/../lib/gcc/nios2-elf/5.3.0/../../../../../H-x86_64-mingw32/nios2-elf/lib/mno-hw-mul\libsmallc.a(lib_a-memcmp.o)
 .data          0x0000000000009880        0x0 d:/software/development/quartusprime/18.0/nios2eds/bin/gnu/h-x86_64-mingw32/bin/../lib/gcc/nios2-elf/5.3.0/../../../../../H-x86_64-mingw32/nios2-elf/lib/mno-hw-mul\libsmallc.a(lib_a-__atexit.o)
 .data          0x0000000000009880        0x0 d:/software/development/quartusprime/18.0/nios2eds/bin/gnu/h-x86_64-mingw32/bin/../lib/gcc/nios2-elf/5.3.0/../../../../../H-x86_64-mingw32/nios2-elf/lib/mno-hw-mul\libsmallc.a(lib_a-__call_atexit.o)
 .data          0x0000000000009880        0x0 d:/software/development/quartusprime/18.0/nios2eds/bin/gnu/h-x86_64-mingw32/bin/../lib/gcc/nios2-elf/5.3.0/mno-hw-mul\libgcc.a(lib2-mul.o)
 .data          0x0000000000009880        0x0 ../bsp/\libhal_bsp.a(alt_exit.o)
                0x0000000000011880                _gp = ABSOLUTE ((. + 0x8000))
                [!provide]                        PROVIDE (gp, _gp)
 *(.rwdata .rwdata.*)
 *(.sdata .sdata.* .gnu.linkonce.s.*)
 .sdata._global_impure_ptr
                0x0000000000009880        0x4 d:/software/development/quartusprime/18.0/nios2eds/bin/gnu/h-x86_64-mingw32/bin/../lib/gcc/nios2-elf/5.3.0/../../../../../H-x86_64-mingw32/nios2-elf/lib/mno-hw-mul\libsmallc.a(lib_a-impure.o)
                0x0000000000009880                _global_impure_ptr
 .sdata._impure_ptr
                0x0000000000009884        0x4 d:/software/development/quartusprime/18.0/nios2eds/bin/gnu/h-x86_64-mingw32/bin/../lib/gcc/nios2-elf/5.3.0/../../../../../H-x86_64-mingw32/nios2-elf/lib/mno-hw-mul\libsmallc.a(lib_a-impure.o)
                0x0000000000009884                _impure_ptr
 .sdata         0x0000000000009888       0x14 ../bsp/\libhal_bsp.a(alt_dev.o)
                0x0000000000009888                alt_fs_list
                0x0000000000009890                alt_dev_list
                0x0000000000009898                alt_max_fd
 .sdata         0x000000000000989c        0x4 ../bsp/\libhal_bsp.a(alt_errno.o)
                0x000000000000989c                alt_errno
 *(.sdata2 .sdata2.* .gnu.linkonce.s2.*)
                0x00000000000098a0                . = ALIGN (0x4)
                0x00000000000098a0                _edata = ABSOLUTE (.)
                [!provide]                        PROVIDE (edata, ABSOLUTE (.))
                0x00000000000098a0                PROVIDE (__ram_rwdata_end, ABSOLUTE (.))
                0x00000000000098a0                PROVIDE (__flash_rwdata_start, LOADADDR (.rwdata))

.bss            0x0000000000009b74       0x10
                0x0000000000009b74                __bss_start = ABSOLUTE (.)
                [!provide]                        PROVIDE (__sbss_start, ABSOLUTE (.))
                [!provide]                        PROVIDE (___sbss_start, ABSOLUTE (.))
 *(.dynsbss)
 *(.sbss .sbss.* .gnu.linkonce.sb.*)
 .sbss          0x0000000000009b74        0x4 d:/software/development/quartusprime/18.0/nios2eds/bin/gnu/h-x86_64-mingw32/bin/../lib/gcc/nios2-elf/5.3.0/../../../../../H-x86_64-mingw32/nios2-elf/lib/mno-hw-mul\libsmallc.a(lib_a-int_errno.o)
                0x0000000000009b74                errno
 .sbss          0x0000000000009b78        0xc ../bsp/\libhal_bsp.a(alt_main.o)
                0x0000000000009b78                alt_argc
                0x0000000000009b7c                alt_argv
                0x0000000000009b80                alt_envp
 *(.sbss2 .sbss2.* .gnu.linkonce.sb2.*)
 *(.scommon)
                [!provide]                        PROVIDE (__sbss_end, ABSOLUTE (.))
                [!provide]                        PROVIDE (___sbss_end, ABSOLUTE (.))
 *(.dynbss)
 *(.bss .bss.* .gnu.linkonce.b.*)
 .bss           0x0000000000009b84        0x0 ../bsp//obj/HAL/src/crt0.o
 .bss           0x0000000000009b84        0x0 obj/default/hello_world.o
 .bss           0x0000000000009b84        0x0 d:/software/development/quartusprime/18.0/nios2eds/bin/gnu/h-x86_64-mingw32/bin/../lib/gcc/nios2-elf/5.3.0/../../../../../H-x86_64-mingw32/nios2-elf/lib/mno-hw-mul\libsmallc.a(lib_a-puts.o)
 .bss           0x0000000000009b84        0x0 d:/software/development/quartusprime/18.0/nios2eds/bin/gnu/h-x86_64-mingw32/bin/../lib/gcc/nios2-elf/5.3.0/../../../../../H-x86_64-mingw32/nios2-elf/lib/mno-hw-mul\libsmallc.a(lib_a-strlen.o)
 .bss           0x0000000000009b84        0x0 d:/software/development/quartusprime/18.0/nios2eds/bin/gnu/h-x86_64-mingw32/bin/../lib/gcc/nios2-elf/5.3.0/../../../../../H-x86_64-mingw32/nios2-elf/lib/mno-hw-mul\libsmallc.a(lib_a-fvwrite_small_dev.o)
 .bss           0x0000000000009b84        0x0 d:/software/development/quartusprime/18.0/nios2eds/bin/gnu/h-x86_64-mingw32/bin/../lib/gcc/nios2-elf/5.3.0/../../../../../H-x86_64-mingw32/nios2-elf/lib/mno-hw-mul\libsmallc.a(lib_a-impure.o)
 .bss           0x0000000000009b84        0x0 d:/software/development/quartusprime/18.0/nios2eds/bin/gnu/h-x86_64-mingw32/bin/../lib/gcc/nios2-elf/5.3.0/../../../../../H-x86_64-mingw32/nios2-elf/lib/mno-hw-mul\libsmallc.a(lib_a-writer.o)
 .bss           0x0000000000009b84        0x0 d:/software/development/quartusprime/18.0/nios2eds/bin/gnu/h-x86_64-mingw32/bin/../lib/gcc/nios2-elf/5.3.0/../../../../../H-x86_64-mingw32/nios2-elf/lib/mno-hw-mul\libsmallc.a(lib_a-int_errno.o)
 .bss           0x0000000000009b84        0x0 ../bsp/\libhal_bsp.a(alt_load.o)
 .bss           0x0000000000009b84        0x0 ../bsp/\libhal_bsp.a(alt_main.o)
 .bss           0x0000000000009b84        0x0 ../bsp/\libhal_bsp.a(alt_write.o)
 .bss           0x0000000000009b84        0x0 ../bsp/\libhal_bsp.a(alt_sys_init.o)
 .bss           0x0000000000009b84        0x0 ../bsp/\libhal_bsp.a(altera_avalon_jtag_uart_fd.o)
 .bss           0x0000000000009b84        0x0 ../bsp/\libhal_bsp.a(altera_avalon_jtag_uart_read.o)
 .bss           0x0000000000009b84        0x0 ../bsp/\libhal_bsp.a(altera_avalon_jtag_uart_write.o)
 .bss           0x0000000000009b84        0x0 ../bsp/\libhal_bsp.a(alt_close.o)
 .bss           0x0000000000009b84        0x0 ../bsp/\libhal_bsp.a(alt_dcache_flush_all.o)
 .bss           0x0000000000009b84        0x0 ../bsp/\libhal_bsp.a(alt_dev.o)
 .bss           0x0000000000009b84        0x0 ../bsp/\libhal_bsp.a(alt_dev_llist_insert.o)
 .bss           0x0000000000009b84        0x0 ../bsp/\libhal_bsp.a(alt_do_ctors.o)
 .bss           0x0000000000009b84        0x0 ../bsp/\libhal_bsp.a(alt_do_dtors.o)
 .bss           0x0000000000009b84        0x0 ../bsp/\libhal_bsp.a(alt_errno.o)
 .bss           0x0000000000009b84        0x0 ../bsp/\libhal_bsp.a(alt_icache_flush_all.o)
 .bss           0x0000000000009b84        0x0 ../bsp/\libhal_bsp.a(alt_io_redirect.o)
 .bss           0x0000000000009b84        0x0 ../bsp/\libhal_bsp.a(alt_open.o)
 .bss           0x0000000000009b84        0x0 ../bsp/\libhal_bsp.a(alt_release_fd.o)
 .bss           0x0000000000009b84        0x0 ../bsp/\libhal_bsp.a(altera_nios2_gen2_irq.o)
 .bss           0x0000000000009b84        0x0 ../bsp/\libhal_bsp.a(alt_find_dev.o)
 .bss           0x0000000000009b84        0x0 ../bsp/\libhal_bsp.a(alt_find_file.o)
 .bss           0x0000000000009b84        0x0 ../bsp/\libhal_bsp.a(alt_get_fd.o)
 .bss           0x0000000000009b84        0x0 d:/software/development/quartusprime/18.0/nios2eds/bin/gnu/h-x86_64-mingw32/bin/../lib/gcc/nios2-elf/5.3.0/../../../../../H-x86_64-mingw32/nios2-elf/lib/mno-hw-mul\libsmallc.a(lib_a-atexit.o)
 .bss           0x0000000000009b84        0x0 d:/software/development/quartusprime/18.0/nios2eds/bin/gnu/h-x86_64-mingw32/bin/../lib/gcc/nios2-elf/5.3.0/../../../../../H-x86_64-mingw32/nios2-elf/lib/mno-hw-mul\libsmallc.a(lib_a-exit.o)
 .bss           0x0000000000009b84        0x0 d:/software/development/quartusprime/18.0/nios2eds/bin/gnu/h-x86_64-mingw32/bin/../lib/gcc/nios2-elf/5.3.0/../../../../../H-x86_64-mingw32/nios2-elf/lib/mno-hw-mul\libsmallc.a(lib_a-memcmp.o)
 .bss           0x0000000000009b84        0x0 d:/software/development/quartusprime/18.0/nios2eds/bin/gnu/h-x86_64-mingw32/bin/../lib/gcc/nios2-elf/5.3.0/../../../../../H-x86_64-mingw32/nios2-elf/lib/mno-hw-mul\libsmallc.a(lib_a-__atexit.o)
 .bss           0x0000000000009b84        0x0 d:/software/development/quartusprime/18.0/nios2eds/bin/gnu/h-x86_64-mingw32/bin/../lib/gcc/nios2-elf/5.3.0/../../../../../H-x86_64-mingw32/nios2-elf/lib/mno-hw-mul\libsmallc.a(lib_a-__call_atexit.o)
 .bss           0x0000000000009b84        0x0 d:/software/development/quartusprime/18.0/nios2eds/bin/gnu/h-x86_64-mingw32/bin/../lib/gcc/nios2-elf/5.3.0/mno-hw-mul\libgcc.a(lib2-mul.o)
 .bss           0x0000000000009b84        0x0 ../bsp/\libhal_bsp.a(alt_exit.o)
 *(COMMON)
                0x0000000000009b84                . = ALIGN (0x4)
                0x0000000000009b84                __bss_end = ABSOLUTE (.)

.onchip_rom     0x0000000000000020        0x0 load address 0x0000000000009b84
                [!provide]                        PROVIDE (_alt_partition_onchip_rom_start, ABSOLUTE (.))
 *(.onchip_rom .onchip_rom. onchip_rom.*)
                0x0000000000000020                . = ALIGN (0x4)
                [!provide]                        PROVIDE (_alt_partition_onchip_rom_end, ABSOLUTE (.))
                [!provide]                        PROVIDE (_alt_partition_onchip_rom_load_addr, LOADADDR (.onchip_rom))

.onchip_ram     0x0000000000009b84        0x0
                [!provide]                        PROVIDE (_alt_partition_onchip_ram_start, ABSOLUTE (.))
 *(.onchip_ram .onchip_ram. onchip_ram.*)
                0x0000000000009b84                . = ALIGN (0x4)
                [!provide]                        PROVIDE (_alt_partition_onchip_ram_end, ABSOLUTE (.))
                0x0000000000009b84                _end = ABSOLUTE (.)
                0x0000000000009b84                end = ABSOLUTE (.)
                0x0000000000009b84                __alt_stack_base = ABSOLUTE (.)
                [!provide]                        PROVIDE (_alt_partition_onchip_ram_load_addr, LOADADDR (.onchip_ram))

.stab
 *(.stab)

.stabstr
 *(.stabstr)

.stab.excl
 *(.stab.excl)

.stab.exclstr
 *(.stab.exclstr)

.stab.index
 *(.stab.index)

.stab.indexstr
 *(.stab.indexstr)

.comment        0x0000000000000000       0x23
 *(.comment)
 .comment       0x0000000000000000       0x23 obj/default/hello_world.o
                                         0x24 (size before relaxing)
 .comment       0x0000000000000023       0x24 d:/software/development/quartusprime/18.0/nios2eds/bin/gnu/h-x86_64-mingw32/bin/../lib/gcc/nios2-elf/5.3.0/../../../../../H-x86_64-mingw32/nios2-elf/lib/mno-hw-mul\libsmallc.a(lib_a-puts.o)
 .comment       0x0000000000000023       0x24 d:/software/development/quartusprime/18.0/nios2eds/bin/gnu/h-x86_64-mingw32/bin/../lib/gcc/nios2-elf/5.3.0/../../../../../H-x86_64-mingw32/nios2-elf/lib/mno-hw-mul\libsmallc.a(lib_a-strlen.o)
 .comment       0x0000000000000023       0x24 d:/software/development/quartusprime/18.0/nios2eds/bin/gnu/h-x86_64-mingw32/bin/../lib/gcc/nios2-elf/5.3.0/../../../../../H-x86_64-mingw32/nios2-elf/lib/mno-hw-mul\libsmallc.a(lib_a-fvwrite_small_dev.o)
 .comment       0x0000000000000023       0x24 d:/software/development/quartusprime/18.0/nios2eds/bin/gnu/h-x86_64-mingw32/bin/../lib/gcc/nios2-elf/5.3.0/../../../../../H-x86_64-mingw32/nios2-elf/lib/mno-hw-mul\libsmallc.a(lib_a-impure.o)
 .comment       0x0000000000000023       0x24 d:/software/development/quartusprime/18.0/nios2eds/bin/gnu/h-x86_64-mingw32/bin/../lib/gcc/nios2-elf/5.3.0/../../../../../H-x86_64-mingw32/nios2-elf/lib/mno-hw-mul\libsmallc.a(lib_a-writer.o)
 .comment       0x0000000000000023       0x24 d:/software/development/quartusprime/18.0/nios2eds/bin/gnu/h-x86_64-mingw32/bin/../lib/gcc/nios2-elf/5.3.0/../../../../../H-x86_64-mingw32/nios2-elf/lib/mno-hw-mul\libsmallc.a(lib_a-int_errno.o)
 .comment       0x0000000000000023       0x24 ../bsp/\libhal_bsp.a(alt_load.o)
 .comment       0x0000000000000023       0x24 ../bsp/\libhal_bsp.a(alt_main.o)
 .comment       0x0000000000000023       0x24 ../bsp/\libhal_bsp.a(alt_write.o)
 .comment       0x0000000000000023       0x24 ../bsp/\libhal_bsp.a(alt_sys_init.o)
 .comment       0x0000000000000023       0x24 ../bsp/\libhal_bsp.a(altera_avalon_jtag_uart_fd.o)
 .comment       0x0000000000000023       0x24 ../bsp/\libhal_bsp.a(altera_avalon_jtag_uart_read.o)
 .comment       0x0000000000000023       0x24 ../bsp/\libhal_bsp.a(altera_avalon_jtag_uart_write.o)
 .comment       0x0000000000000023       0x24 ../bsp/\libhal_bsp.a(alt_close.o)
 .comment       0x0000000000000023       0x24 ../bsp/\libhal_bsp.a(alt_dcache_flush_all.o)
 .comment       0x0000000000000023       0x24 ../bsp/\libhal_bsp.a(alt_dev.o)
 .comment       0x0000000000000023       0x24 ../bsp/\libhal_bsp.a(alt_dev_llist_insert.o)
 .comment       0x0000000000000023       0x24 ../bsp/\libhal_bsp.a(alt_do_ctors.o)
 .comment       0x0000000000000023       0x24 ../bsp/\libhal_bsp.a(alt_do_dtors.o)
 .comment       0x0000000000000023       0x24 ../bsp/\libhal_bsp.a(alt_errno.o)
 .comment       0x0000000000000023       0x24 ../bsp/\libhal_bsp.a(alt_icache_flush_all.o)
 .comment       0x0000000000000023       0x24 ../bsp/\libhal_bsp.a(alt_io_redirect.o)
 .comment       0x0000000000000023       0x24 ../bsp/\libhal_bsp.a(alt_open.o)
 .comment       0x0000000000000023       0x24 ../bsp/\libhal_bsp.a(alt_release_fd.o)
 .comment       0x0000000000000023       0x24 ../bsp/\libhal_bsp.a(altera_nios2_gen2_irq.o)
 .comment       0x0000000000000023       0x24 ../bsp/\libhal_bsp.a(alt_find_dev.o)
 .comment       0x0000000000000023       0x24 ../bsp/\libhal_bsp.a(alt_find_file.o)
 .comment       0x0000000000000023       0x24 ../bsp/\libhal_bsp.a(alt_get_fd.o)
 .comment       0x0000000000000023       0x24 d:/software/development/quartusprime/18.0/nios2eds/bin/gnu/h-x86_64-mingw32/bin/../lib/gcc/nios2-elf/5.3.0/../../../../../H-x86_64-mingw32/nios2-elf/lib/mno-hw-mul\libsmallc.a(lib_a-atexit.o)
 .comment       0x0000000000000023       0x24 d:/software/development/quartusprime/18.0/nios2eds/bin/gnu/h-x86_64-mingw32/bin/../lib/gcc/nios2-elf/5.3.0/../../../../../H-x86_64-mingw32/nios2-elf/lib/mno-hw-mul\libsmallc.a(lib_a-exit.o)
 .comment       0x0000000000000023       0x24 d:/software/development/quartusprime/18.0/nios2eds/bin/gnu/h-x86_64-mingw32/bin/../lib/gcc/nios2-elf/5.3.0/../../../../../H-x86_64-mingw32/nios2-elf/lib/mno-hw-mul\libsmallc.a(lib_a-memcmp.o)
 .comment       0x0000000000000023       0x24 d:/software/development/quartusprime/18.0/nios2eds/bin/gnu/h-x86_64-mingw32/bin/../lib/gcc/nios2-elf/5.3.0/../../../../../H-x86_64-mingw32/nios2-elf/lib/mno-hw-mul\libsmallc.a(lib_a-__atexit.o)
 .comment       0x0000000000000023       0x24 d:/software/development/quartusprime/18.0/nios2eds/bin/gnu/h-x86_64-mingw32/bin/../lib/gcc/nios2-elf/5.3.0/../../../../../H-x86_64-mingw32/nios2-elf/lib/mno-hw-mul\libsmallc.a(lib_a-__call_atexit.o)
 .comment       0x0000000000000023       0x24 d:/software/development/quartusprime/18.0/nios2eds/bin/gnu/h-x86_64-mingw32/bin/../lib/gcc/nios2-elf/5.3.0/mno-hw-mul\libgcc.a(lib2-mul.o)
 .comment       0x0000000000000023       0x24 ../bsp/\libhal_bsp.a(alt_exit.o)

.debug
 *(.debug)

.line
 *(.line)

.debug_srcinfo
 *(.debug_srcinfo)

.debug_sfnames
 *(.debug_sfnames)

.debug_aranges  0x0000000000000000      0x498
 *(.debug_aranges)
 .debug_aranges
                0x0000000000000000       0x28 ../bsp//obj/HAL/src/crt0.o
 .debug_aranges
                0x0000000000000028       0x20 obj/default/hello_world.o
 .debug_aranges
                0x0000000000000048       0x28 d:/software/development/quartusprime/18.0/nios2eds/bin/gnu/h-x86_64-mingw32/bin/../lib/gcc/nios2-elf/5.3.0/../../../../../H-x86_64-mingw32/nios2-elf/lib/mno-hw-mul\libsmallc.a(lib_a-puts.o)
 .debug_aranges
                0x0000000000000070       0x20 d:/software/development/quartusprime/18.0/nios2eds/bin/gnu/h-x86_64-mingw32/bin/../lib/gcc/nios2-elf/5.3.0/../../../../../H-x86_64-mingw32/nios2-elf/lib/mno-hw-mul\libsmallc.a(lib_a-strlen.o)
 .debug_aranges
                0x0000000000000090       0x20 d:/software/development/quartusprime/18.0/nios2eds/bin/gnu/h-x86_64-mingw32/bin/../lib/gcc/nios2-elf/5.3.0/../../../../../H-x86_64-mingw32/nios2-elf/lib/mno-hw-mul\libsmallc.a(lib_a-fvwrite_small_dev.o)
 .debug_aranges
                0x00000000000000b0       0x18 d:/software/development/quartusprime/18.0/nios2eds/bin/gnu/h-x86_64-mingw32/bin/../lib/gcc/nios2-elf/5.3.0/../../../../../H-x86_64-mingw32/nios2-elf/lib/mno-hw-mul\libsmallc.a(lib_a-impure.o)
 .debug_aranges
                0x00000000000000c8       0x20 d:/software/development/quartusprime/18.0/nios2eds/bin/gnu/h-x86_64-mingw32/bin/../lib/gcc/nios2-elf/5.3.0/../../../../../H-x86_64-mingw32/nios2-elf/lib/mno-hw-mul\libsmallc.a(lib_a-writer.o)
 .debug_aranges
                0x00000000000000e8       0x18 d:/software/development/quartusprime/18.0/nios2eds/bin/gnu/h-x86_64-mingw32/bin/../lib/gcc/nios2-elf/5.3.0/../../../../../H-x86_64-mingw32/nios2-elf/lib/mno-hw-mul\libsmallc.a(lib_a-int_errno.o)
 .debug_aranges
                0x0000000000000100       0x20 ../bsp/\libhal_bsp.a(alt_load.o)
 .debug_aranges
                0x0000000000000120       0x20 ../bsp/\libhal_bsp.a(alt_main.o)
 .debug_aranges
                0x0000000000000140       0x20 ../bsp/\libhal_bsp.a(alt_write.o)
 .debug_aranges
                0x0000000000000160       0x20 ../bsp/\libhal_bsp.a(alt_sys_init.o)
 .debug_aranges
                0x0000000000000180       0x20 ../bsp/\libhal_bsp.a(altera_avalon_jtag_uart_fd.o)
 .debug_aranges
                0x00000000000001a0       0x20 ../bsp/\libhal_bsp.a(altera_avalon_jtag_uart_read.o)
 .debug_aranges
                0x00000000000001c0       0x20 ../bsp/\libhal_bsp.a(altera_avalon_jtag_uart_write.o)
 .debug_aranges
                0x00000000000001e0       0x20 ../bsp/\libhal_bsp.a(alt_close.o)
 .debug_aranges
                0x0000000000000200       0x20 ../bsp/\libhal_bsp.a(alt_dcache_flush_all.o)
 .debug_aranges
                0x0000000000000220       0x20 ../bsp/\libhal_bsp.a(alt_dev.o)
 .debug_aranges
                0x0000000000000240       0x20 ../bsp/\libhal_bsp.a(alt_dev_llist_insert.o)
 .debug_aranges
                0x0000000000000260       0x20 ../bsp/\libhal_bsp.a(alt_do_ctors.o)
 .debug_aranges
                0x0000000000000280       0x20 ../bsp/\libhal_bsp.a(alt_do_dtors.o)
 .debug_aranges
                0x00000000000002a0       0x18 ../bsp/\libhal_bsp.a(alt_errno.o)
 .debug_aranges
                0x00000000000002b8       0x20 ../bsp/\libhal_bsp.a(alt_icache_flush_all.o)
 .debug_aranges
                0x00000000000002d8       0x20 ../bsp/\libhal_bsp.a(alt_io_redirect.o)
 .debug_aranges
                0x00000000000002f8       0x20 ../bsp/\libhal_bsp.a(alt_open.o)
 .debug_aranges
                0x0000000000000318       0x20 ../bsp/\libhal_bsp.a(alt_release_fd.o)
 .debug_aranges
                0x0000000000000338       0x20 ../bsp/\libhal_bsp.a(altera_nios2_gen2_irq.o)
 .debug_aranges
                0x0000000000000358       0x20 ../bsp/\libhal_bsp.a(alt_find_dev.o)
 .debug_aranges
                0x0000000000000378       0x20 ../bsp/\libhal_bsp.a(alt_find_file.o)
 .debug_aranges
                0x0000000000000398       0x20 ../bsp/\libhal_bsp.a(alt_get_fd.o)
 .debug_aranges
                0x00000000000003b8       0x20 d:/software/development/quartusprime/18.0/nios2eds/bin/gnu/h-x86_64-mingw32/bin/../lib/gcc/nios2-elf/5.3.0/../../../../../H-x86_64-mingw32/nios2-elf/lib/mno-hw-mul\libsmallc.a(lib_a-atexit.o)
 .debug_aranges
                0x00000000000003d8       0x20 d:/software/development/quartusprime/18.0/nios2eds/bin/gnu/h-x86_64-mingw32/bin/../lib/gcc/nios2-elf/5.3.0/../../../../../H-x86_64-mingw32/nios2-elf/lib/mno-hw-mul\libsmallc.a(lib_a-exit.o)
 .debug_aranges
                0x00000000000003f8       0x20 d:/software/development/quartusprime/18.0/nios2eds/bin/gnu/h-x86_64-mingw32/bin/../lib/gcc/nios2-elf/5.3.0/../../../../../H-x86_64-mingw32/nios2-elf/lib/mno-hw-mul\libsmallc.a(lib_a-memcmp.o)
 .debug_aranges
                0x0000000000000418       0x20 d:/software/development/quartusprime/18.0/nios2eds/bin/gnu/h-x86_64-mingw32/bin/../lib/gcc/nios2-elf/5.3.0/../../../../../H-x86_64-mingw32/nios2-elf/lib/mno-hw-mul\libsmallc.a(lib_a-__atexit.o)
 .debug_aranges
                0x0000000000000438       0x20 d:/software/development/quartusprime/18.0/nios2eds/bin/gnu/h-x86_64-mingw32/bin/../lib/gcc/nios2-elf/5.3.0/../../../../../H-x86_64-mingw32/nios2-elf/lib/mno-hw-mul\libsmallc.a(lib_a-__call_atexit.o)
 .debug_aranges
                0x0000000000000458       0x20 d:/software/development/quartusprime/18.0/nios2eds/bin/gnu/h-x86_64-mingw32/bin/../lib/gcc/nios2-elf/5.3.0/mno-hw-mul\libgcc.a(lib2-mul.o)
 .debug_aranges
                0x0000000000000478       0x20 ../bsp/\libhal_bsp.a(alt_exit.o)

.debug_pubnames
 *(.debug_pubnames)

.debug_info     0x0000000000000000     0x5e9d
 *(.debug_info .gnu.linkonce.wi.*)
 .debug_info    0x0000000000000000       0x6c ../bsp//obj/HAL/src/crt0.o
 .debug_info    0x000000000000006c       0x96 obj/default/hello_world.o
 .debug_info    0x0000000000000102      0x66d d:/software/development/quartusprime/18.0/nios2eds/bin/gnu/h-x86_64-mingw32/bin/../lib/gcc/nios2-elf/5.3.0/../../../../../H-x86_64-mingw32/nios2-elf/lib/mno-hw-mul\libsmallc.a(lib_a-puts.o)
 .debug_info    0x000000000000076f       0xc9 d:/software/development/quartusprime/18.0/nios2eds/bin/gnu/h-x86_64-mingw32/bin/../lib/gcc/nios2-elf/5.3.0/../../../../../H-x86_64-mingw32/nios2-elf/lib/mno-hw-mul\libsmallc.a(lib_a-strlen.o)
 .debug_info    0x0000000000000838      0x62b d:/software/development/quartusprime/18.0/nios2eds/bin/gnu/h-x86_64-mingw32/bin/../lib/gcc/nios2-elf/5.3.0/../../../../../H-x86_64-mingw32/nios2-elf/lib/mno-hw-mul\libsmallc.a(lib_a-fvwrite_small_dev.o)
 .debug_info    0x0000000000000e63      0x5a9 d:/software/development/quartusprime/18.0/nios2eds/bin/gnu/h-x86_64-mingw32/bin/../lib/gcc/nios2-elf/5.3.0/../../../../../H-x86_64-mingw32/nios2-elf/lib/mno-hw-mul\libsmallc.a(lib_a-impure.o)
 .debug_info    0x000000000000140c      0x630 d:/software/development/quartusprime/18.0/nios2eds/bin/gnu/h-x86_64-mingw32/bin/../lib/gcc/nios2-elf/5.3.0/../../../../../H-x86_64-mingw32/nios2-elf/lib/mno-hw-mul\libsmallc.a(lib_a-writer.o)
 .debug_info    0x0000000000001a3c       0x8a d:/software/development/quartusprime/18.0/nios2eds/bin/gnu/h-x86_64-mingw32/bin/../lib/gcc/nios2-elf/5.3.0/../../../../../H-x86_64-mingw32/nios2-elf/lib/mno-hw-mul\libsmallc.a(lib_a-int_errno.o)
 .debug_info    0x0000000000001ac6      0x145 ../bsp/\libhal_bsp.a(alt_load.o)
 .debug_info    0x0000000000001c0b      0x131 ../bsp/\libhal_bsp.a(alt_main.o)
 .debug_info    0x0000000000001d3c      0x4b7 ../bsp/\libhal_bsp.a(alt_write.o)
 .debug_info    0x00000000000021f3      0x3c9 ../bsp/\libhal_bsp.a(alt_sys_init.o)
 .debug_info    0x00000000000025bc      0x3a7 ../bsp/\libhal_bsp.a(altera_avalon_jtag_uart_fd.o)
 .debug_info    0x0000000000002963      0x1b2 ../bsp/\libhal_bsp.a(altera_avalon_jtag_uart_read.o)
 .debug_info    0x0000000000002b15      0x195 ../bsp/\libhal_bsp.a(altera_avalon_jtag_uart_write.o)
 .debug_info    0x0000000000002caa      0x321 ../bsp/\libhal_bsp.a(alt_close.o)
 .debug_info    0x0000000000002fcb       0x92 ../bsp/\libhal_bsp.a(alt_dcache_flush_all.o)
 .debug_info    0x000000000000305d      0x49c ../bsp/\libhal_bsp.a(alt_dev.o)
 .debug_info    0x00000000000034f9      0x1a9 ../bsp/\libhal_bsp.a(alt_dev_llist_insert.o)
 .debug_info    0x00000000000036a2       0x83 ../bsp/\libhal_bsp.a(alt_do_ctors.o)
 .debug_info    0x0000000000003725       0x83 ../bsp/\libhal_bsp.a(alt_do_dtors.o)
 .debug_info    0x00000000000037a8       0xa6 ../bsp/\libhal_bsp.a(alt_errno.o)
 .debug_info    0x000000000000384e       0x92 ../bsp/\libhal_bsp.a(alt_icache_flush_all.o)
 .debug_info    0x00000000000038e0      0x4a5 ../bsp/\libhal_bsp.a(alt_io_redirect.o)
 .debug_info    0x0000000000003d85      0x3bb ../bsp/\libhal_bsp.a(alt_open.o)
 .debug_info    0x0000000000004140      0x2b0 ../bsp/\libhal_bsp.a(alt_release_fd.o)
 .debug_info    0x00000000000043f0       0x92 ../bsp/\libhal_bsp.a(altera_nios2_gen2_irq.o)
 .debug_info    0x0000000000004482      0x2e9 ../bsp/\libhal_bsp.a(alt_find_dev.o)
 .debug_info    0x000000000000476b      0x2e6 ../bsp/\libhal_bsp.a(alt_find_file.o)
 .debug_info    0x0000000000004a51      0x310 ../bsp/\libhal_bsp.a(alt_get_fd.o)
 .debug_info    0x0000000000004d61       0xfe d:/software/development/quartusprime/18.0/nios2eds/bin/gnu/h-x86_64-mingw32/bin/../lib/gcc/nios2-elf/5.3.0/../../../../../H-x86_64-mingw32/nios2-elf/lib/mno-hw-mul\libsmallc.a(lib_a-atexit.o)
 .debug_info    0x0000000000004e5f       0xe5 d:/software/development/quartusprime/18.0/nios2eds/bin/gnu/h-x86_64-mingw32/bin/../lib/gcc/nios2-elf/5.3.0/../../../../../H-x86_64-mingw32/nios2-elf/lib/mno-hw-mul\libsmallc.a(lib_a-exit.o)
 .debug_info    0x0000000000004f44       0xf4 d:/software/development/quartusprime/18.0/nios2eds/bin/gnu/h-x86_64-mingw32/bin/../lib/gcc/nios2-elf/5.3.0/../../../../../H-x86_64-mingw32/nios2-elf/lib/mno-hw-mul\libsmallc.a(lib_a-memcmp.o)
 .debug_info    0x0000000000005038      0x64a d:/software/development/quartusprime/18.0/nios2eds/bin/gnu/h-x86_64-mingw32/bin/../lib/gcc/nios2-elf/5.3.0/../../../../../H-x86_64-mingw32/nios2-elf/lib/mno-hw-mul\libsmallc.a(lib_a-__atexit.o)
 .debug_info    0x0000000000005682      0x67b d:/software/development/quartusprime/18.0/nios2eds/bin/gnu/h-x86_64-mingw32/bin/../lib/gcc/nios2-elf/5.3.0/../../../../../H-x86_64-mingw32/nios2-elf/lib/mno-hw-mul\libsmallc.a(lib_a-__call_atexit.o)
 .debug_info    0x0000000000005cfd       0xb4 d:/software/development/quartusprime/18.0/nios2eds/bin/gnu/h-x86_64-mingw32/bin/../lib/gcc/nios2-elf/5.3.0/mno-hw-mul\libgcc.a(lib2-mul.o)
 .debug_info    0x0000000000005db1       0xec ../bsp/\libhal_bsp.a(alt_exit.o)

.debug_abbrev   0x0000000000000000     0x1ffd
 *(.debug_abbrev)
 .debug_abbrev  0x0000000000000000       0x12 ../bsp//obj/HAL/src/crt0.o
 .debug_abbrev  0x0000000000000012       0x42 obj/default/hello_world.o
 .debug_abbrev  0x0000000000000054      0x1d6 d:/software/development/quartusprime/18.0/nios2eds/bin/gnu/h-x86_64-mingw32/bin/../lib/gcc/nios2-elf/5.3.0/../../../../../H-x86_64-mingw32/nios2-elf/lib/mno-hw-mul\libsmallc.a(lib_a-puts.o)
 .debug_abbrev  0x000000000000022a       0x7f d:/software/development/quartusprime/18.0/nios2eds/bin/gnu/h-x86_64-mingw32/bin/../lib/gcc/nios2-elf/5.3.0/../../../../../H-x86_64-mingw32/nios2-elf/lib/mno-hw-mul\libsmallc.a(lib_a-strlen.o)
 .debug_abbrev  0x00000000000002a9      0x1bc d:/software/development/quartusprime/18.0/nios2eds/bin/gnu/h-x86_64-mingw32/bin/../lib/gcc/nios2-elf/5.3.0/../../../../../H-x86_64-mingw32/nios2-elf/lib/mno-hw-mul\libsmallc.a(lib_a-fvwrite_small_dev.o)
 .debug_abbrev  0x0000000000000465      0x14a d:/software/development/quartusprime/18.0/nios2eds/bin/gnu/h-x86_64-mingw32/bin/../lib/gcc/nios2-elf/5.3.0/../../../../../H-x86_64-mingw32/nios2-elf/lib/mno-hw-mul\libsmallc.a(lib_a-impure.o)
 .debug_abbrev  0x00000000000005af      0x1a6 d:/software/development/quartusprime/18.0/nios2eds/bin/gnu/h-x86_64-mingw32/bin/../lib/gcc/nios2-elf/5.3.0/../../../../../H-x86_64-mingw32/nios2-elf/lib/mno-hw-mul\libsmallc.a(lib_a-writer.o)
 .debug_abbrev  0x0000000000000755       0x37 d:/software/development/quartusprime/18.0/nios2eds/bin/gnu/h-x86_64-mingw32/bin/../lib/gcc/nios2-elf/5.3.0/../../../../../H-x86_64-mingw32/nios2-elf/lib/mno-hw-mul\libsmallc.a(lib_a-int_errno.o)
 .debug_abbrev  0x000000000000078c       0x9f ../bsp/\libhal_bsp.a(alt_load.o)
 .debug_abbrev  0x000000000000082b       0xba ../bsp/\libhal_bsp.a(alt_main.o)
 .debug_abbrev  0x00000000000008e5      0x133 ../bsp/\libhal_bsp.a(alt_write.o)
 .debug_abbrev  0x0000000000000a18      0x157 ../bsp/\libhal_bsp.a(alt_sys_init.o)
 .debug_abbrev  0x0000000000000b6f       0xf7 ../bsp/\libhal_bsp.a(altera_avalon_jtag_uart_fd.o)
 .debug_abbrev  0x0000000000000c66       0xd5 ../bsp/\libhal_bsp.a(altera_avalon_jtag_uart_read.o)
 .debug_abbrev  0x0000000000000d3b       0xd5 ../bsp/\libhal_bsp.a(altera_avalon_jtag_uart_write.o)
 .debug_abbrev  0x0000000000000e10      0x11f ../bsp/\libhal_bsp.a(alt_close.o)
 .debug_abbrev  0x0000000000000f2f       0x42 ../bsp/\libhal_bsp.a(alt_dcache_flush_all.o)
 .debug_abbrev  0x0000000000000f71       0xd9 ../bsp/\libhal_bsp.a(alt_dev.o)
 .debug_abbrev  0x000000000000104a      0x114 ../bsp/\libhal_bsp.a(alt_dev_llist_insert.o)
 .debug_abbrev  0x000000000000115e       0x79 ../bsp/\libhal_bsp.a(alt_do_ctors.o)
 .debug_abbrev  0x00000000000011d7       0x79 ../bsp/\libhal_bsp.a(alt_do_dtors.o)
 .debug_abbrev  0x0000000000001250       0x5a ../bsp/\libhal_bsp.a(alt_errno.o)
 .debug_abbrev  0x00000000000012aa       0x42 ../bsp/\libhal_bsp.a(alt_icache_flush_all.o)
 .debug_abbrev  0x00000000000012ec      0x114 ../bsp/\libhal_bsp.a(alt_io_redirect.o)
 .debug_abbrev  0x0000000000001400      0x148 ../bsp/\libhal_bsp.a(alt_open.o)
 .debug_abbrev  0x0000000000001548       0xde ../bsp/\libhal_bsp.a(alt_release_fd.o)
 .debug_abbrev  0x0000000000001626       0x42 ../bsp/\libhal_bsp.a(altera_nios2_gen2_irq.o)
 .debug_abbrev  0x0000000000001668       0xf0 ../bsp/\libhal_bsp.a(alt_find_dev.o)
 .debug_abbrev  0x0000000000001758       0xf0 ../bsp/\libhal_bsp.a(alt_find_file.o)
 .debug_abbrev  0x0000000000001848      0x10d ../bsp/\libhal_bsp.a(alt_get_fd.o)
 .debug_abbrev  0x0000000000001955       0xaa d:/software/development/quartusprime/18.0/nios2eds/bin/gnu/h-x86_64-mingw32/bin/../lib/gcc/nios2-elf/5.3.0/../../../../../H-x86_64-mingw32/nios2-elf/lib/mno-hw-mul\libsmallc.a(lib_a-atexit.o)
 .debug_abbrev  0x00000000000019ff       0x8b d:/software/development/quartusprime/18.0/nios2eds/bin/gnu/h-x86_64-mingw32/bin/../lib/gcc/nios2-elf/5.3.0/../../../../../H-x86_64-mingw32/nios2-elf/lib/mno-hw-mul\libsmallc.a(lib_a-exit.o)
 .debug_abbrev  0x0000000000001a8a       0x7f d:/software/development/quartusprime/18.0/nios2eds/bin/gnu/h-x86_64-mingw32/bin/../lib/gcc/nios2-elf/5.3.0/../../../../../H-x86_64-mingw32/nios2-elf/lib/mno-hw-mul\libsmallc.a(lib_a-memcmp.o)
 .debug_abbrev  0x0000000000001b09      0x1e6 d:/software/development/quartusprime/18.0/nios2eds/bin/gnu/h-x86_64-mingw32/bin/../lib/gcc/nios2-elf/5.3.0/../../../../../H-x86_64-mingw32/nios2-elf/lib/mno-hw-mul\libsmallc.a(lib_a-__atexit.o)
 .debug_abbrev  0x0000000000001cef      0x1f6 d:/software/development/quartusprime/18.0/nios2eds/bin/gnu/h-x86_64-mingw32/bin/../lib/gcc/nios2-elf/5.3.0/../../../../../H-x86_64-mingw32/nios2-elf/lib/mno-hw-mul\libsmallc.a(lib_a-__call_atexit.o)
 .debug_abbrev  0x0000000000001ee5       0x6f d:/software/development/quartusprime/18.0/nios2eds/bin/gnu/h-x86_64-mingw32/bin/../lib/gcc/nios2-elf/5.3.0/mno-hw-mul\libgcc.a(lib2-mul.o)
 .debug_abbrev  0x0000000000001f54       0xa9 ../bsp/\libhal_bsp.a(alt_exit.o)

.debug_line     0x0000000000000000     0x248d
 *(.debug_line)
 .debug_line    0x0000000000000000       0x66 ../bsp//obj/HAL/src/crt0.o
 .debug_line    0x0000000000000066       0x40 obj/default/hello_world.o
 .debug_line    0x00000000000000a6      0x206 d:/software/development/quartusprime/18.0/nios2eds/bin/gnu/h-x86_64-mingw32/bin/../lib/gcc/nios2-elf/5.3.0/../../../../../H-x86_64-mingw32/nios2-elf/lib/mno-hw-mul\libsmallc.a(lib_a-puts.o)
 .debug_line    0x00000000000002ac      0x15c d:/software/development/quartusprime/18.0/nios2eds/bin/gnu/h-x86_64-mingw32/bin/../lib/gcc/nios2-elf/5.3.0/../../../../../H-x86_64-mingw32/nios2-elf/lib/mno-hw-mul\libsmallc.a(lib_a-strlen.o)
 .debug_line    0x0000000000000408      0x1f0 d:/software/development/quartusprime/18.0/nios2eds/bin/gnu/h-x86_64-mingw32/bin/../lib/gcc/nios2-elf/5.3.0/../../../../../H-x86_64-mingw32/nios2-elf/lib/mno-hw-mul\libsmallc.a(lib_a-fvwrite_small_dev.o)
 .debug_line    0x00000000000005f8      0x156 d:/software/development/quartusprime/18.0/nios2eds/bin/gnu/h-x86_64-mingw32/bin/../lib/gcc/nios2-elf/5.3.0/../../../../../H-x86_64-mingw32/nios2-elf/lib/mno-hw-mul\libsmallc.a(lib_a-impure.o)
 .debug_line    0x000000000000074e      0x1ed d:/software/development/quartusprime/18.0/nios2eds/bin/gnu/h-x86_64-mingw32/bin/../lib/gcc/nios2-elf/5.3.0/../../../../../H-x86_64-mingw32/nios2-elf/lib/mno-hw-mul\libsmallc.a(lib_a-writer.o)
 .debug_line    0x000000000000093b       0x5f d:/software/development/quartusprime/18.0/nios2eds/bin/gnu/h-x86_64-mingw32/bin/../lib/gcc/nios2-elf/5.3.0/../../../../../H-x86_64-mingw32/nios2-elf/lib/mno-hw-mul\libsmallc.a(lib_a-int_errno.o)
 .debug_line    0x000000000000099a       0x8e ../bsp/\libhal_bsp.a(alt_load.o)
 .debug_line    0x0000000000000a28       0xa4 ../bsp/\libhal_bsp.a(alt_main.o)
 .debug_line    0x0000000000000acc      0x201 ../bsp/\libhal_bsp.a(alt_write.o)
 .debug_line    0x0000000000000ccd      0x127 ../bsp/\libhal_bsp.a(alt_sys_init.o)
 .debug_line    0x0000000000000df4      0x112 ../bsp/\libhal_bsp.a(altera_avalon_jtag_uart_fd.o)
 .debug_line    0x0000000000000f06       0xfd ../bsp/\libhal_bsp.a(altera_avalon_jtag_uart_read.o)
 .debug_line    0x0000000000001003       0xf4 ../bsp/\libhal_bsp.a(altera_avalon_jtag_uart_write.o)
 .debug_line    0x00000000000010f7      0x178 ../bsp/\libhal_bsp.a(alt_close.o)
 .debug_line    0x000000000000126f       0x51 ../bsp/\libhal_bsp.a(alt_dcache_flush_all.o)
 .debug_line    0x00000000000012c0      0x10b ../bsp/\libhal_bsp.a(alt_dev.o)
 .debug_line    0x00000000000013cb       0xcf ../bsp/\libhal_bsp.a(alt_dev_llist_insert.o)
 .debug_line    0x000000000000149a       0x59 ../bsp/\libhal_bsp.a(alt_do_ctors.o)
 .debug_line    0x00000000000014f3       0x59 ../bsp/\libhal_bsp.a(alt_do_dtors.o)
 .debug_line    0x000000000000154c       0x51 ../bsp/\libhal_bsp.a(alt_errno.o)
 .debug_line    0x000000000000159d       0x4f ../bsp/\libhal_bsp.a(alt_icache_flush_all.o)
 .debug_line    0x00000000000015ec      0x148 ../bsp/\libhal_bsp.a(alt_io_redirect.o)
 .debug_line    0x0000000000001734      0x12b ../bsp/\libhal_bsp.a(alt_open.o)
 .debug_line    0x000000000000185f       0xb0 ../bsp/\libhal_bsp.a(alt_release_fd.o)
 .debug_line    0x000000000000190f       0x51 ../bsp/\libhal_bsp.a(altera_nios2_gen2_irq.o)
 .debug_line    0x0000000000001960       0xb5 ../bsp/\libhal_bsp.a(alt_find_dev.o)
 .debug_line    0x0000000000001a15       0xd1 ../bsp/\libhal_bsp.a(alt_find_file.o)
 .debug_line    0x0000000000001ae6       0xd7 ../bsp/\libhal_bsp.a(alt_get_fd.o)
 .debug_line    0x0000000000001bbd       0xe7 d:/software/development/quartusprime/18.0/nios2eds/bin/gnu/h-x86_64-mingw32/bin/../lib/gcc/nios2-elf/5.3.0/../../../../../H-x86_64-mingw32/nios2-elf/lib/mno-hw-mul\libsmallc.a(lib_a-atexit.o)
 .debug_line    0x0000000000001ca4      0x159 d:/software/development/quartusprime/18.0/nios2eds/bin/gnu/h-x86_64-mingw32/bin/../lib/gcc/nios2-elf/5.3.0/../../../../../H-x86_64-mingw32/nios2-elf/lib/mno-hw-mul\libsmallc.a(lib_a-exit.o)
 .debug_line    0x0000000000001dfd      0x160 d:/software/development/quartusprime/18.0/nios2eds/bin/gnu/h-x86_64-mingw32/bin/../lib/gcc/nios2-elf/5.3.0/../../../../../H-x86_64-mingw32/nios2-elf/lib/mno-hw-mul\libsmallc.a(lib_a-memcmp.o)
 .debug_line    0x0000000000001f5d      0x20d d:/software/development/quartusprime/18.0/nios2eds/bin/gnu/h-x86_64-mingw32/bin/../lib/gcc/nios2-elf/5.3.0/../../../../../H-x86_64-mingw32/nios2-elf/lib/mno-hw-mul\libsmallc.a(lib_a-__atexit.o)
 .debug_line    0x000000000000216a      0x232 d:/software/development/quartusprime/18.0/nios2eds/bin/gnu/h-x86_64-mingw32/bin/../lib/gcc/nios2-elf/5.3.0/../../../../../H-x86_64-mingw32/nios2-elf/lib/mno-hw-mul\libsmallc.a(lib_a-__call_atexit.o)
 .debug_line    0x000000000000239c       0x80 d:/software/development/quartusprime/18.0/nios2eds/bin/gnu/h-x86_64-mingw32/bin/../lib/gcc/nios2-elf/5.3.0/mno-hw-mul\libgcc.a(lib2-mul.o)
 .debug_line    0x000000000000241c       0x71 ../bsp/\libhal_bsp.a(alt_exit.o)

.debug_frame    0x0000000000000000      0x890
 *(.debug_frame)
 .debug_frame   0x0000000000000000       0x38 obj/default/hello_world.o
 .debug_frame   0x0000000000000038       0x48 d:/software/development/quartusprime/18.0/nios2eds/bin/gnu/h-x86_64-mingw32/bin/../lib/gcc/nios2-elf/5.3.0/../../../../../H-x86_64-mingw32/nios2-elf/lib/mno-hw-mul\libsmallc.a(lib_a-puts.o)
 .debug_frame   0x0000000000000080       0x20 d:/software/development/quartusprime/18.0/nios2eds/bin/gnu/h-x86_64-mingw32/bin/../lib/gcc/nios2-elf/5.3.0/../../../../../H-x86_64-mingw32/nios2-elf/lib/mno-hw-mul\libsmallc.a(lib_a-strlen.o)
 .debug_frame   0x00000000000000a0       0x58 d:/software/development/quartusprime/18.0/nios2eds/bin/gnu/h-x86_64-mingw32/bin/../lib/gcc/nios2-elf/5.3.0/../../../../../H-x86_64-mingw32/nios2-elf/lib/mno-hw-mul\libsmallc.a(lib_a-fvwrite_small_dev.o)
 .debug_frame   0x00000000000000f8       0x38 d:/software/development/quartusprime/18.0/nios2eds/bin/gnu/h-x86_64-mingw32/bin/../lib/gcc/nios2-elf/5.3.0/../../../../../H-x86_64-mingw32/nios2-elf/lib/mno-hw-mul\libsmallc.a(lib_a-writer.o)
 .debug_frame   0x0000000000000130       0x5c ../bsp/\libhal_bsp.a(alt_load.o)
 .debug_frame   0x000000000000018c       0x2c ../bsp/\libhal_bsp.a(alt_main.o)
 .debug_frame   0x00000000000001b8       0x60 ../bsp/\libhal_bsp.a(alt_write.o)
 .debug_frame   0x0000000000000218       0x88 ../bsp/\libhal_bsp.a(alt_sys_init.o)
 .debug_frame   0x00000000000002a0       0x60 ../bsp/\libhal_bsp.a(altera_avalon_jtag_uart_fd.o)
 .debug_frame   0x0000000000000300       0x34 ../bsp/\libhal_bsp.a(altera_avalon_jtag_uart_read.o)
 .debug_frame   0x0000000000000334       0x34 ../bsp/\libhal_bsp.a(altera_avalon_jtag_uart_write.o)
 .debug_frame   0x0000000000000368       0x60 ../bsp/\libhal_bsp.a(alt_close.o)
 .debug_frame   0x00000000000003c8       0x34 ../bsp/\libhal_bsp.a(alt_dcache_flush_all.o)
 .debug_frame   0x00000000000003fc       0x34 ../bsp/\libhal_bsp.a(alt_dev.o)
 .debug_frame   0x0000000000000430       0x60 ../bsp/\libhal_bsp.a(alt_dev_llist_insert.o)
 .debug_frame   0x0000000000000490       0x38 ../bsp/\libhal_bsp.a(alt_do_ctors.o)
 .debug_frame   0x00000000000004c8       0x38 ../bsp/\libhal_bsp.a(alt_do_dtors.o)
 .debug_frame   0x0000000000000500       0x34 ../bsp/\libhal_bsp.a(alt_icache_flush_all.o)
 .debug_frame   0x0000000000000534       0x64 ../bsp/\libhal_bsp.a(alt_io_redirect.o)
 .debug_frame   0x0000000000000598       0x8c ../bsp/\libhal_bsp.a(alt_open.o)
 .debug_frame   0x0000000000000624       0x3c ../bsp/\libhal_bsp.a(alt_release_fd.o)
 .debug_frame   0x0000000000000660       0x34 ../bsp/\libhal_bsp.a(altera_nios2_gen2_irq.o)
 .debug_frame   0x0000000000000694       0x38 ../bsp/\libhal_bsp.a(alt_find_dev.o)
 .debug_frame   0x00000000000006cc       0x38 ../bsp/\libhal_bsp.a(alt_find_file.o)
 .debug_frame   0x0000000000000704       0x3c ../bsp/\libhal_bsp.a(alt_get_fd.o)
 .debug_frame   0x0000000000000740       0x20 d:/software/development/quartusprime/18.0/nios2eds/bin/gnu/h-x86_64-mingw32/bin/../lib/gcc/nios2-elf/5.3.0/../../../../../H-x86_64-mingw32/nios2-elf/lib/mno-hw-mul\libsmallc.a(lib_a-atexit.o)
 .debug_frame   0x0000000000000760       0x28 d:/software/development/quartusprime/18.0/nios2eds/bin/gnu/h-x86_64-mingw32/bin/../lib/gcc/nios2-elf/5.3.0/../../../../../H-x86_64-mingw32/nios2-elf/lib/mno-hw-mul\libsmallc.a(lib_a-exit.o)
 .debug_frame   0x0000000000000788       0x20 d:/software/development/quartusprime/18.0/nios2eds/bin/gnu/h-x86_64-mingw32/bin/../lib/gcc/nios2-elf/5.3.0/../../../../../H-x86_64-mingw32/nios2-elf/lib/mno-hw-mul\libsmallc.a(lib_a-memcmp.o)
 .debug_frame   0x00000000000007a8       0x48 d:/software/development/quartusprime/18.0/nios2eds/bin/gnu/h-x86_64-mingw32/bin/../lib/gcc/nios2-elf/5.3.0/../../../../../H-x86_64-mingw32/nios2-elf/lib/mno-hw-mul\libsmallc.a(lib_a-__atexit.o)
 .debug_frame   0x00000000000007f0       0x54 d:/software/development/quartusprime/18.0/nios2eds/bin/gnu/h-x86_64-mingw32/bin/../lib/gcc/nios2-elf/5.3.0/../../../../../H-x86_64-mingw32/nios2-elf/lib/mno-hw-mul\libsmallc.a(lib_a-__call_atexit.o)
 .debug_frame   0x0000000000000844       0x20 d:/software/development/quartusprime/18.0/nios2eds/bin/gnu/h-x86_64-mingw32/bin/../lib/gcc/nios2-elf/5.3.0/mno-hw-mul\libgcc.a(lib2-mul.o)
 .debug_frame   0x0000000000000864       0x2c ../bsp/\libhal_bsp.a(alt_exit.o)

.debug_str      0x0000000000000000     0x1393
 *(.debug_str)
 .debug_str     0x0000000000000000       0xfb obj/default/hello_world.o
                                        0x139 (size before relaxing)
 .debug_str     0x00000000000000fb      0x3f3 d:/software/development/quartusprime/18.0/nios2eds/bin/gnu/h-x86_64-mingw32/bin/../lib/gcc/nios2-elf/5.3.0/../../../../../H-x86_64-mingw32/nios2-elf/lib/mno-hw-mul\libsmallc.a(lib_a-puts.o)
                                        0x4cd (size before relaxing)
 .debug_str     0x00000000000004ee       0xd2 d:/software/development/quartusprime/18.0/nios2eds/bin/gnu/h-x86_64-mingw32/bin/../lib/gcc/nios2-elf/5.3.0/../../../../../H-x86_64-mingw32/nios2-elf/lib/mno-hw-mul\libsmallc.a(lib_a-strlen.o)
                                        0x1e5 (size before relaxing)
 .debug_str     0x00000000000005c0       0x63 d:/software/development/quartusprime/18.0/nios2eds/bin/gnu/h-x86_64-mingw32/bin/../lib/gcc/nios2-elf/5.3.0/../../../../../H-x86_64-mingw32/nios2-elf/lib/mno-hw-mul\libsmallc.a(lib_a-fvwrite_small_dev.o)
                                        0x4d4 (size before relaxing)
 .debug_str     0x0000000000000623       0xef d:/software/development/quartusprime/18.0/nios2eds/bin/gnu/h-x86_64-mingw32/bin/../lib/gcc/nios2-elf/5.3.0/../../../../../H-x86_64-mingw32/nios2-elf/lib/mno-hw-mul\libsmallc.a(lib_a-impure.o)
                                        0x4be (size before relaxing)
 .debug_str     0x0000000000000712       0x45 d:/software/development/quartusprime/18.0/nios2eds/bin/gnu/h-x86_64-mingw32/bin/../lib/gcc/nios2-elf/5.3.0/../../../../../H-x86_64-mingw32/nios2-elf/lib/mno-hw-mul\libsmallc.a(lib_a-writer.o)
                                        0x4b8 (size before relaxing)
 .debug_str     0x0000000000000757       0x3f d:/software/development/quartusprime/18.0/nios2eds/bin/gnu/h-x86_64-mingw32/bin/../lib/gcc/nios2-elf/5.3.0/../../../../../H-x86_64-mingw32/nios2-elf/lib/mno-hw-mul\libsmallc.a(lib_a-int_errno.o)
                                        0x1d8 (size before relaxing)
 .debug_str     0x0000000000000796      0x129 ../bsp/\libhal_bsp.a(alt_load.o)
                                        0x210 (size before relaxing)
 .debug_str     0x00000000000008bf       0x70 ../bsp/\libhal_bsp.a(alt_main.o)
                                        0x19b (size before relaxing)
 .debug_str     0x000000000000092f      0x166 ../bsp/\libhal_bsp.a(alt_write.o)
                                        0x2f6 (size before relaxing)
 .debug_str     0x0000000000000a95      0x103 ../bsp/\libhal_bsp.a(alt_sys_init.o)
                                        0x2d0 (size before relaxing)
 .debug_str     0x0000000000000b98       0x77 ../bsp/\libhal_bsp.a(altera_avalon_jtag_uart_fd.o)
                                        0x2d3 (size before relaxing)
 .debug_str     0x0000000000000c0f       0x48 ../bsp/\libhal_bsp.a(altera_avalon_jtag_uart_read.o)
                                        0x21d (size before relaxing)
 .debug_str     0x0000000000000c57       0x4a ../bsp/\libhal_bsp.a(altera_avalon_jtag_uart_write.o)
                                        0x213 (size before relaxing)
 .debug_str     0x0000000000000ca1       0x1b ../bsp/\libhal_bsp.a(alt_close.o)
                                        0x209 (size before relaxing)
 .debug_str     0x0000000000000cbc       0x34 ../bsp/\libhal_bsp.a(alt_dcache_flush_all.o)
                                        0x153 (size before relaxing)
 .debug_str     0x0000000000000cf0       0x50 ../bsp/\libhal_bsp.a(alt_dev.o)
                                        0x303 (size before relaxing)
 .debug_str     0x0000000000000d40       0x4b ../bsp/\libhal_bsp.a(alt_dev_llist_insert.o)
                                        0x1ca (size before relaxing)
 .debug_str     0x0000000000000d8b       0x48 ../bsp/\libhal_bsp.a(alt_do_ctors.o)
                                         0xce (size before relaxing)
 .debug_str     0x0000000000000dd3       0x4c ../bsp/\libhal_bsp.a(alt_do_dtors.o)
                                         0xcd (size before relaxing)
 .debug_str     0x0000000000000e1f       0x14 ../bsp/\libhal_bsp.a(alt_errno.o)
                                        0x143 (size before relaxing)
 .debug_str     0x0000000000000e33       0x34 ../bsp/\libhal_bsp.a(alt_icache_flush_all.o)
                                        0x153 (size before relaxing)
 .debug_str     0x0000000000000e67       0x56 ../bsp/\libhal_bsp.a(alt_io_redirect.o)
                                        0x314 (size before relaxing)
 .debug_str     0x0000000000000ebd       0x36 ../bsp/\libhal_bsp.a(alt_open.o)
                                        0x249 (size before relaxing)
 .debug_str     0x0000000000000ef3       0x28 ../bsp/\libhal_bsp.a(alt_release_fd.o)
                                        0x1d1 (size before relaxing)
 .debug_str     0x0000000000000f1b       0x3b ../bsp/\libhal_bsp.a(altera_nios2_gen2_irq.o)
                                        0x15a (size before relaxing)
 .debug_str     0x0000000000000f56       0x24 ../bsp/\libhal_bsp.a(alt_find_dev.o)
                                        0x1ea (size before relaxing)
 .debug_str     0x0000000000000f7a       0x26 ../bsp/\libhal_bsp.a(alt_find_file.o)
                                        0x1f8 (size before relaxing)
 .debug_str     0x0000000000000fa0       0x30 ../bsp/\libhal_bsp.a(alt_get_fd.o)
                                        0x21a (size before relaxing)
 .debug_str     0x0000000000000fd0      0x116 d:/software/development/quartusprime/18.0/nios2eds/bin/gnu/h-x86_64-mingw32/bin/../lib/gcc/nios2-elf/5.3.0/../../../../../H-x86_64-mingw32/nios2-elf/lib/mno-hw-mul\libsmallc.a(lib_a-atexit.o)
                                        0x21c (size before relaxing)
 .debug_str     0x00000000000010e6       0x4c d:/software/development/quartusprime/18.0/nios2eds/bin/gnu/h-x86_64-mingw32/bin/../lib/gcc/nios2-elf/5.3.0/../../../../../H-x86_64-mingw32/nios2-elf/lib/mno-hw-mul\libsmallc.a(lib_a-exit.o)
                                        0x1f0 (size before relaxing)
 .debug_str     0x0000000000001132       0x44 d:/software/development/quartusprime/18.0/nios2eds/bin/gnu/h-x86_64-mingw32/bin/../lib/gcc/nios2-elf/5.3.0/../../../../../H-x86_64-mingw32/nios2-elf/lib/mno-hw-mul\libsmallc.a(lib_a-memcmp.o)
                                        0x1df (size before relaxing)
 .debug_str     0x0000000000001176       0x46 d:/software/development/quartusprime/18.0/nios2eds/bin/gnu/h-x86_64-mingw32/bin/../lib/gcc/nios2-elf/5.3.0/../../../../../H-x86_64-mingw32/nios2-elf/lib/mno-hw-mul\libsmallc.a(lib_a-__atexit.o)
                                        0x4ff (size before relaxing)
 .debug_str     0x00000000000011bc       0x65 d:/software/development/quartusprime/18.0/nios2eds/bin/gnu/h-x86_64-mingw32/bin/../lib/gcc/nios2-elf/5.3.0/../../../../../H-x86_64-mingw32/nios2-elf/lib/mno-hw-mul\libsmallc.a(lib_a-__call_atexit.o)
                                        0x4eb (size before relaxing)
 .debug_str     0x0000000000001221      0x148 d:/software/development/quartusprime/18.0/nios2eds/bin/gnu/h-x86_64-mingw32/bin/../lib/gcc/nios2-elf/5.3.0/mno-hw-mul\libgcc.a(lib2-mul.o)
                                        0x193 (size before relaxing)
 .debug_str     0x0000000000001369       0x2a ../bsp/\libhal_bsp.a(alt_exit.o)
                                        0x14f (size before relaxing)

.debug_loc      0x0000000000000000      0x6f2
 *(.debug_loc)
 .debug_loc     0x0000000000000000       0x97 d:/software/development/quartusprime/18.0/nios2eds/bin/gnu/h-x86_64-mingw32/bin/../lib/gcc/nios2-elf/5.3.0/../../../../../H-x86_64-mingw32/nios2-elf/lib/mno-hw-mul\libsmallc.a(lib_a-puts.o)
 .debug_loc     0x0000000000000097       0x1e d:/software/development/quartusprime/18.0/nios2eds/bin/gnu/h-x86_64-mingw32/bin/../lib/gcc/nios2-elf/5.3.0/../../../../../H-x86_64-mingw32/nios2-elf/lib/mno-hw-mul\libsmallc.a(lib_a-strlen.o)
 .debug_loc     0x00000000000000b5      0x110 d:/software/development/quartusprime/18.0/nios2eds/bin/gnu/h-x86_64-mingw32/bin/../lib/gcc/nios2-elf/5.3.0/../../../../../H-x86_64-mingw32/nios2-elf/lib/mno-hw-mul\libsmallc.a(lib_a-fvwrite_small_dev.o)
 .debug_loc     0x00000000000001c5       0xa5 d:/software/development/quartusprime/18.0/nios2eds/bin/gnu/h-x86_64-mingw32/bin/../lib/gcc/nios2-elf/5.3.0/../../../../../H-x86_64-mingw32/nios2-elf/lib/mno-hw-mul\libsmallc.a(lib_a-writer.o)
 .debug_loc     0x000000000000026a       0x2c d:/software/development/quartusprime/18.0/nios2eds/bin/gnu/h-x86_64-mingw32/bin/../lib/gcc/nios2-elf/5.3.0/../../../../../H-x86_64-mingw32/nios2-elf/lib/mno-hw-mul\libsmallc.a(lib_a-atexit.o)
 .debug_loc     0x0000000000000296       0x1e d:/software/development/quartusprime/18.0/nios2eds/bin/gnu/h-x86_64-mingw32/bin/../lib/gcc/nios2-elf/5.3.0/../../../../../H-x86_64-mingw32/nios2-elf/lib/mno-hw-mul\libsmallc.a(lib_a-exit.o)
 .debug_loc     0x00000000000002b4       0x94 d:/software/development/quartusprime/18.0/nios2eds/bin/gnu/h-x86_64-mingw32/bin/../lib/gcc/nios2-elf/5.3.0/../../../../../H-x86_64-mingw32/nios2-elf/lib/mno-hw-mul\libsmallc.a(lib_a-memcmp.o)
 .debug_loc     0x0000000000000348      0x1c0 d:/software/development/quartusprime/18.0/nios2eds/bin/gnu/h-x86_64-mingw32/bin/../lib/gcc/nios2-elf/5.3.0/../../../../../H-x86_64-mingw32/nios2-elf/lib/mno-hw-mul\libsmallc.a(lib_a-__atexit.o)
 .debug_loc     0x0000000000000508      0x157 d:/software/development/quartusprime/18.0/nios2eds/bin/gnu/h-x86_64-mingw32/bin/../lib/gcc/nios2-elf/5.3.0/../../../../../H-x86_64-mingw32/nios2-elf/lib/mno-hw-mul\libsmallc.a(lib_a-__call_atexit.o)
 .debug_loc     0x000000000000065f       0x93 d:/software/development/quartusprime/18.0/nios2eds/bin/gnu/h-x86_64-mingw32/bin/../lib/gcc/nios2-elf/5.3.0/mno-hw-mul\libgcc.a(lib2-mul.o)

.debug_macinfo
 *(.debug_macinfo)

.debug_weaknames
 *(.debug_weaknames)

.debug_funcnames
 *(.debug_funcnames)

.debug_typenames
 *(.debug_typenames)

.debug_varnames
 *(.debug_varnames)

.debug_alt_sim_info
                0x0000000000000000       0x10
 *(.debug_alt_sim_info)
 .debug_alt_sim_info
                0x0000000000000000       0x10 ../bsp//obj/HAL/src/crt0.o
                0x000000000000a800                __alt_data_end = 0xa800
                0x000000000000a800                PROVIDE (__alt_stack_pointer, __alt_data_end)
                [!provide]                        PROVIDE (__alt_stack_limit, __alt_stack_base)
                [!provide]                        PROVIDE (__alt_heap_start, end)
                [!provide]                        PROVIDE (__alt_heap_limit, 0xa800)
OUTPUT(HelloWorld.elf elf32-littlenios2)

.debug_ranges   0x0000000000000000      0x100
 .debug_ranges  0x0000000000000000       0x20 ../bsp//obj/HAL/src/crt0.o
 .debug_ranges  0x0000000000000020       0x18 d:/software/development/quartusprime/18.0/nios2eds/bin/gnu/h-x86_64-mingw32/bin/../lib/gcc/nios2-elf/5.3.0/../../../../../H-x86_64-mingw32/nios2-elf/lib/mno-hw-mul\libsmallc.a(lib_a-puts.o)
 .debug_ranges  0x0000000000000038       0x10 d:/software/development/quartusprime/18.0/nios2eds/bin/gnu/h-x86_64-mingw32/bin/../lib/gcc/nios2-elf/5.3.0/../../../../../H-x86_64-mingw32/nios2-elf/lib/mno-hw-mul\libsmallc.a(lib_a-strlen.o)
 .debug_ranges  0x0000000000000048       0x28 d:/software/development/quartusprime/18.0/nios2eds/bin/gnu/h-x86_64-mingw32/bin/../lib/gcc/nios2-elf/5.3.0/../../../../../H-x86_64-mingw32/nios2-elf/lib/mno-hw-mul\libsmallc.a(lib_a-fvwrite_small_dev.o)
 .debug_ranges  0x0000000000000070       0x10 d:/software/development/quartusprime/18.0/nios2eds/bin/gnu/h-x86_64-mingw32/bin/../lib/gcc/nios2-elf/5.3.0/../../../../../H-x86_64-mingw32/nios2-elf/lib/mno-hw-mul\libsmallc.a(lib_a-writer.o)
 .debug_ranges  0x0000000000000080       0x18 ../bsp/\libhal_bsp.a(altera_avalon_jtag_uart_read.o)
 .debug_ranges  0x0000000000000098       0x10 d:/software/development/quartusprime/18.0/nios2eds/bin/gnu/h-x86_64-mingw32/bin/../lib/gcc/nios2-elf/5.3.0/../../../../../H-x86_64-mingw32/nios2-elf/lib/mno-hw-mul\libsmallc.a(lib_a-atexit.o)
 .debug_ranges  0x00000000000000a8       0x10 d:/software/development/quartusprime/18.0/nios2eds/bin/gnu/h-x86_64-mingw32/bin/../lib/gcc/nios2-elf/5.3.0/../../../../../H-x86_64-mingw32/nios2-elf/lib/mno-hw-mul\libsmallc.a(lib_a-exit.o)
 .debug_ranges  0x00000000000000b8       0x10 d:/software/development/quartusprime/18.0/nios2eds/bin/gnu/h-x86_64-mingw32/bin/../lib/gcc/nios2-elf/5.3.0/../../../../../H-x86_64-mingw32/nios2-elf/lib/mno-hw-mul\libsmallc.a(lib_a-memcmp.o)
 .debug_ranges  0x00000000000000c8       0x10 d:/software/development/quartusprime/18.0/nios2eds/bin/gnu/h-x86_64-mingw32/bin/../lib/gcc/nios2-elf/5.3.0/../../../../../H-x86_64-mingw32/nios2-elf/lib/mno-hw-mul\libsmallc.a(lib_a-__atexit.o)
 .debug_ranges  0x00000000000000d8       0x28 d:/software/development/quartusprime/18.0/nios2eds/bin/gnu/h-x86_64-mingw32/bin/../lib/gcc/nios2-elf/5.3.0/../../../../../H-x86_64-mingw32/nios2-elf/lib/mno-hw-mul\libsmallc.a(lib_a-__call_atexit.o)
